                                      1 ;--------------------------------------------------------
                                      2 ; File Created by SDCC : free open source ANSI-C Compiler
                                      3 ; Version 4.2.0 #13081 (MINGW64)
                                      4 ;--------------------------------------------------------
                                      5 	.module dsrtc
                                      6 	.optsdcc -mmcs51 --model-small
                                      7 	
                                      8 ;--------------------------------------------------------
                                      9 ; Public variables in this module
                                     10 ;--------------------------------------------------------
                                     11 	.globl _bcd2hex
                                     12 	.globl _hex2bcd
                                     13 	.globl _i2c_read
                                     14 	.globl _i2c_stop
                                     15 	.globl _i2c_start
                                     16 	.globl _i2c_write
                                     17 	.globl _rtc_setdate_PARM_4
                                     18 	.globl _rtc_setdate_PARM_3
                                     19 	.globl _rtc_setdate_PARM_2
                                     20 	.globl _rtc_settime_PARM_3
                                     21 	.globl _rtc_settime_PARM_2
                                     22 	.globl _rtc_gettime_PARM_3
                                     23 	.globl _rtc_gettime_PARM_2
                                     24 	.globl _rtc_getdate_PARM_4
                                     25 	.globl _rtc_getdate_PARM_3
                                     26 	.globl _rtc_getdate_PARM_2
                                     27 	.globl _rtc_init
                                     28 	.globl _rtc_getdate
                                     29 	.globl _rtc_gettime
                                     30 	.globl _rtc_settime
                                     31 	.globl _rtc_setdate
                                     32 ;--------------------------------------------------------
                                     33 ; special function registers
                                     34 ;--------------------------------------------------------
                                     35 	.area RSEG    (ABS,DATA)
      000000                         36 	.org 0x0000
                                     37 ;--------------------------------------------------------
                                     38 ; special function bits
                                     39 ;--------------------------------------------------------
                                     40 	.area RSEG    (ABS,DATA)
      000000                         41 	.org 0x0000
                                     42 ;--------------------------------------------------------
                                     43 ; overlayable register banks
                                     44 ;--------------------------------------------------------
                                     45 	.area REG_BANK_0	(REL,OVR,DATA)
      000000                         46 	.ds 8
                                     47 ;--------------------------------------------------------
                                     48 ; internal ram data
                                     49 ;--------------------------------------------------------
                                     50 	.area DSEG    (DATA)
      000000                         51 _rtc_getdate_PARM_2:
      000000                         52 	.ds 3
      000003                         53 _rtc_getdate_PARM_3:
      000003                         54 	.ds 3
      000006                         55 _rtc_getdate_PARM_4:
      000006                         56 	.ds 3
      000009                         57 _rtc_gettime_PARM_2:
      000009                         58 	.ds 3
      00000C                         59 _rtc_gettime_PARM_3:
      00000C                         60 	.ds 3
      00000F                         61 _rtc_settime_PARM_2:
      00000F                         62 	.ds 1
      000010                         63 _rtc_settime_PARM_3:
      000010                         64 	.ds 1
      000011                         65 _rtc_setdate_PARM_2:
      000011                         66 	.ds 1
      000012                         67 _rtc_setdate_PARM_3:
      000012                         68 	.ds 1
      000013                         69 _rtc_setdate_PARM_4:
      000013                         70 	.ds 1
                                     71 ;--------------------------------------------------------
                                     72 ; overlayable items in internal ram
                                     73 ;--------------------------------------------------------
                                     74 	.area	OSEG    (OVR,DATA)
                                     75 ;--------------------------------------------------------
                                     76 ; indirectly addressable internal ram data
                                     77 ;--------------------------------------------------------
                                     78 	.area ISEG    (DATA)
                                     79 ;--------------------------------------------------------
                                     80 ; absolute internal ram data
                                     81 ;--------------------------------------------------------
                                     82 	.area IABS    (ABS,DATA)
                                     83 	.area IABS    (ABS,DATA)
                                     84 ;--------------------------------------------------------
                                     85 ; bit data
                                     86 ;--------------------------------------------------------
                                     87 	.area BSEG    (BIT)
                                     88 ;--------------------------------------------------------
                                     89 ; paged external ram data
                                     90 ;--------------------------------------------------------
                                     91 	.area PSEG    (PAG,XDATA)
                                     92 ;--------------------------------------------------------
                                     93 ; external ram data
                                     94 ;--------------------------------------------------------
                                     95 	.area XSEG    (XDATA)
                                     96 ;--------------------------------------------------------
                                     97 ; absolute external ram data
                                     98 ;--------------------------------------------------------
                                     99 	.area XABS    (ABS,XDATA)
                                    100 ;--------------------------------------------------------
                                    101 ; external initialized ram data
                                    102 ;--------------------------------------------------------
                                    103 	.area XISEG   (XDATA)
                                    104 	.area HOME    (CODE)
                                    105 	.area GSINIT0 (CODE)
                                    106 	.area GSINIT1 (CODE)
                                    107 	.area GSINIT2 (CODE)
                                    108 	.area GSINIT3 (CODE)
                                    109 	.area GSINIT4 (CODE)
                                    110 	.area GSINIT5 (CODE)
                                    111 	.area GSINIT  (CODE)
                                    112 	.area GSFINAL (CODE)
                                    113 	.area CSEG    (CODE)
                                    114 ;--------------------------------------------------------
                                    115 ; global & static initialisations
                                    116 ;--------------------------------------------------------
                                    117 	.area HOME    (CODE)
                                    118 	.area GSINIT  (CODE)
                                    119 	.area GSFINAL (CODE)
                                    120 	.area GSINIT  (CODE)
                                    121 ;--------------------------------------------------------
                                    122 ; Home
                                    123 ;--------------------------------------------------------
                                    124 	.area HOME    (CODE)
                                    125 	.area HOME    (CODE)
                                    126 ;--------------------------------------------------------
                                    127 ; code
                                    128 ;--------------------------------------------------------
                                    129 	.area CSEG    (CODE)
                                    130 ;------------------------------------------------------------
                                    131 ;Allocation info for local variables in function 'hex2bcd'
                                    132 ;------------------------------------------------------------
                                    133 ;hex                       Allocated to registers r7 
                                    134 ;------------------------------------------------------------
                                    135 ;	src\dsrtc.c:3: u8 hex2bcd(u8 hex){
                                    136 ;	-----------------------------------------
                                    137 ;	 function hex2bcd
                                    138 ;	-----------------------------------------
      000000                        139 _hex2bcd:
                           000007   140 	ar7 = 0x07
                           000006   141 	ar6 = 0x06
                           000005   142 	ar5 = 0x05
                           000004   143 	ar4 = 0x04
                           000003   144 	ar3 = 0x03
                           000002   145 	ar2 = 0x02
                           000001   146 	ar1 = 0x01
                           000000   147 	ar0 = 0x00
      000000 AF 82            [24]  148 	mov	r7,dpl
                                    149 ;	src\dsrtc.c:4: return ((hex / 10) << 4) | (hex % 10);
      000002 7E 00            [12]  150 	mov	r6,#0x00
      000004 75*00 0A         [24]  151 	mov	__divsint_PARM_2,#0x0a
                                    152 ;	1-genFromRTrack replaced	mov	(__divsint_PARM_2 + 1),#0x00
      000007 8E*01            [24]  153 	mov	(__divsint_PARM_2 + 1),r6
      000009 8F 82            [24]  154 	mov	dpl,r7
      00000B 8E 83            [24]  155 	mov	dph,r6
      00000D C0 07            [24]  156 	push	ar7
      00000F C0 06            [24]  157 	push	ar6
      000011 12r00r00         [24]  158 	lcall	__divsint
      000014 AC 82            [24]  159 	mov	r4,dpl
      000016 D0 06            [24]  160 	pop	ar6
      000018 D0 07            [24]  161 	pop	ar7
      00001A EC               [12]  162 	mov	a,r4
      00001B C4               [12]  163 	swap	a
      00001C 54 F0            [12]  164 	anl	a,#0xf0
      00001E FC               [12]  165 	mov	r4,a
      00001F 75*00 0A         [24]  166 	mov	__modsint_PARM_2,#0x0a
      000022 75*01 00         [24]  167 	mov	(__modsint_PARM_2 + 1),#0x00
      000025 8F 82            [24]  168 	mov	dpl,r7
      000027 8E 83            [24]  169 	mov	dph,r6
      000029 C0 04            [24]  170 	push	ar4
      00002B 12r00r00         [24]  171 	lcall	__modsint
      00002E AE 82            [24]  172 	mov	r6,dpl
      000030 D0 04            [24]  173 	pop	ar4
      000032 EE               [12]  174 	mov	a,r6
      000033 4C               [12]  175 	orl	a,r4
      000034 F5 82            [12]  176 	mov	dpl,a
                                    177 ;	src\dsrtc.c:5: }
      000036 22               [24]  178 	ret
                                    179 ;------------------------------------------------------------
                                    180 ;Allocation info for local variables in function 'bcd2hex'
                                    181 ;------------------------------------------------------------
                                    182 ;bcd                       Allocated to registers r7 
                                    183 ;------------------------------------------------------------
                                    184 ;	src\dsrtc.c:7: u8 bcd2hex(u8 bcd){
                                    185 ;	-----------------------------------------
                                    186 ;	 function bcd2hex
                                    187 ;	-----------------------------------------
      000037                        188 _bcd2hex:
                                    189 ;	src\dsrtc.c:8: return ((bcd>>4)*10) + (bcd & 0x0f);
      000037 E5 82            [12]  190 	mov	a,dpl
      000039 FF               [12]  191 	mov	r7,a
      00003A C4               [12]  192 	swap	a
      00003B 54 0F            [12]  193 	anl	a,#0x0f
      00003D 75 F0 0A         [24]  194 	mov	b,#0x0a
      000040 A4               [48]  195 	mul	ab
      000041 FE               [12]  196 	mov	r6,a
      000042 74 0F            [12]  197 	mov	a,#0x0f
      000044 5F               [12]  198 	anl	a,r7
      000045 2E               [12]  199 	add	a,r6
      000046 F5 82            [12]  200 	mov	dpl,a
                                    201 ;	src\dsrtc.c:9: }
      000048 22               [24]  202 	ret
                                    203 ;------------------------------------------------------------
                                    204 ;Allocation info for local variables in function 'rtc_init'
                                    205 ;------------------------------------------------------------
                                    206 ;	src\dsrtc.c:11: void rtc_init(){
                                    207 ;	-----------------------------------------
                                    208 ;	 function rtc_init
                                    209 ;	-----------------------------------------
      000049                        210 _rtc_init:
                                    211 ;	src\dsrtc.c:17: i2c_start();
      000049 12r00r00         [24]  212 	lcall	_i2c_start
                                    213 ;	src\dsrtc.c:18: i2c_write(DS1307WRITE);
      00004C 75 82 D0         [24]  214 	mov	dpl,#0xd0
      00004F 12r00r00         [24]  215 	lcall	_i2c_write
                                    216 ;	src\dsrtc.c:19: i2c_write(DS1307CONTROLADDRESS);
      000052 75 82 0E         [24]  217 	mov	dpl,#0x0e
      000055 12r00r00         [24]  218 	lcall	_i2c_write
                                    219 ;	src\dsrtc.c:20: i2c_write(0x10);//ds3231 0x18 ds1307 0x10
      000058 75 82 10         [24]  220 	mov	dpl,#0x10
      00005B 12r00r00         [24]  221 	lcall	_i2c_write
                                    222 ;	src\dsrtc.c:21: i2c_stop();
                                    223 ;	src\dsrtc.c:22: }
      00005E 02r00r00         [24]  224 	ljmp	_i2c_stop
                                    225 ;------------------------------------------------------------
                                    226 ;Allocation info for local variables in function 'rtc_getdate'
                                    227 ;------------------------------------------------------------
                                    228 ;pday                      Allocated with name '_rtc_getdate_PARM_2'
                                    229 ;pmonth                    Allocated with name '_rtc_getdate_PARM_3'
                                    230 ;pyear                     Allocated with name '_rtc_getdate_PARM_4'
                                    231 ;pdate                     Allocated to registers r5 r6 r7 
                                    232 ;------------------------------------------------------------
                                    233 ;	src\dsrtc.c:24: void rtc_getdate(u8 *pdate,u8 *pday, u8 *pmonth, u8 *pyear){
                                    234 ;	-----------------------------------------
                                    235 ;	 function rtc_getdate
                                    236 ;	-----------------------------------------
      000061                        237 _rtc_getdate:
      000061 AD 82            [24]  238 	mov	r5,dpl
      000063 AE 83            [24]  239 	mov	r6,dph
      000065 AF F0            [24]  240 	mov	r7,b
                                    241 ;	src\dsrtc.c:26: i2c_start();
      000067 C0 07            [24]  242 	push	ar7
      000069 C0 06            [24]  243 	push	ar6
      00006B C0 05            [24]  244 	push	ar5
      00006D 12r00r00         [24]  245 	lcall	_i2c_start
                                    246 ;	src\dsrtc.c:27: i2c_write(DS1307WRITE);
      000070 75 82 D0         [24]  247 	mov	dpl,#0xd0
      000073 12r00r00         [24]  248 	lcall	_i2c_write
                                    249 ;	src\dsrtc.c:28: i2c_write(DS1307DATEADDRESS);
      000076 75 82 03         [24]  250 	mov	dpl,#0x03
      000079 12r00r00         [24]  251 	lcall	_i2c_write
                                    252 ;	src\dsrtc.c:29: i2c_stop();
      00007C 12r00r00         [24]  253 	lcall	_i2c_stop
                                    254 ;	src\dsrtc.c:30: i2c_start();
      00007F 12r00r00         [24]  255 	lcall	_i2c_start
                                    256 ;	src\dsrtc.c:31: i2c_write(DS1307READ);
      000082 75 82 D1         [24]  257 	mov	dpl,#0xd1
      000085 12r00r00         [24]  258 	lcall	_i2c_write
                                    259 ;	src\dsrtc.c:32: *pdate  = i2c_read(ACK);
                                    260 ;	assignBit
      000088 D2*00            [12]  261 	setb	_i2c_read_PARM_1
      00008A 12r00r00         [24]  262 	lcall	_i2c_read
      00008D AC 82            [24]  263 	mov	r4,dpl
      00008F D0 05            [24]  264 	pop	ar5
      000091 D0 06            [24]  265 	pop	ar6
      000093 D0 07            [24]  266 	pop	ar7
      000095 8D 82            [24]  267 	mov	dpl,r5
      000097 8E 83            [24]  268 	mov	dph,r6
      000099 8F F0            [24]  269 	mov	b,r7
      00009B EC               [12]  270 	mov	a,r4
      00009C 12r00r00         [24]  271 	lcall	__gptrput
                                    272 ;	src\dsrtc.c:33: *pday 	= bcd2hex(i2c_read(ACK));
      00009F AD*00            [24]  273 	mov	r5,_rtc_getdate_PARM_2
      0000A1 AE*01            [24]  274 	mov	r6,(_rtc_getdate_PARM_2 + 1)
      0000A3 AF*02            [24]  275 	mov	r7,(_rtc_getdate_PARM_2 + 2)
                                    276 ;	assignBit
      0000A5 D2*00            [12]  277 	setb	_i2c_read_PARM_1
      0000A7 C0 07            [24]  278 	push	ar7
      0000A9 C0 06            [24]  279 	push	ar6
      0000AB C0 05            [24]  280 	push	ar5
      0000AD 12r00r00         [24]  281 	lcall	_i2c_read
      0000B0 12r00r37         [24]  282 	lcall	_bcd2hex
      0000B3 AC 82            [24]  283 	mov	r4,dpl
      0000B5 D0 05            [24]  284 	pop	ar5
      0000B7 D0 06            [24]  285 	pop	ar6
      0000B9 D0 07            [24]  286 	pop	ar7
      0000BB 8D 82            [24]  287 	mov	dpl,r5
      0000BD 8E 83            [24]  288 	mov	dph,r6
      0000BF 8F F0            [24]  289 	mov	b,r7
      0000C1 EC               [12]  290 	mov	a,r4
      0000C2 12r00r00         [24]  291 	lcall	__gptrput
                                    292 ;	src\dsrtc.c:34: *pmonth = bcd2hex(i2c_read(ACK));
      0000C5 AD*03            [24]  293 	mov	r5,_rtc_getdate_PARM_3
      0000C7 AE*04            [24]  294 	mov	r6,(_rtc_getdate_PARM_3 + 1)
      0000C9 AF*05            [24]  295 	mov	r7,(_rtc_getdate_PARM_3 + 2)
                                    296 ;	assignBit
      0000CB D2*00            [12]  297 	setb	_i2c_read_PARM_1
      0000CD C0 07            [24]  298 	push	ar7
      0000CF C0 06            [24]  299 	push	ar6
      0000D1 C0 05            [24]  300 	push	ar5
      0000D3 12r00r00         [24]  301 	lcall	_i2c_read
      0000D6 12r00r37         [24]  302 	lcall	_bcd2hex
      0000D9 AC 82            [24]  303 	mov	r4,dpl
      0000DB D0 05            [24]  304 	pop	ar5
      0000DD D0 06            [24]  305 	pop	ar6
      0000DF D0 07            [24]  306 	pop	ar7
      0000E1 8D 82            [24]  307 	mov	dpl,r5
      0000E3 8E 83            [24]  308 	mov	dph,r6
      0000E5 8F F0            [24]  309 	mov	b,r7
      0000E7 EC               [12]  310 	mov	a,r4
      0000E8 12r00r00         [24]  311 	lcall	__gptrput
                                    312 ;	src\dsrtc.c:35: *pyear 	= bcd2hex(i2c_read(NACK));
      0000EB AD*06            [24]  313 	mov	r5,_rtc_getdate_PARM_4
      0000ED AE*07            [24]  314 	mov	r6,(_rtc_getdate_PARM_4 + 1)
      0000EF AF*08            [24]  315 	mov	r7,(_rtc_getdate_PARM_4 + 2)
                                    316 ;	assignBit
      0000F1 C2*00            [12]  317 	clr	_i2c_read_PARM_1
      0000F3 C0 07            [24]  318 	push	ar7
      0000F5 C0 06            [24]  319 	push	ar6
      0000F7 C0 05            [24]  320 	push	ar5
      0000F9 12r00r00         [24]  321 	lcall	_i2c_read
      0000FC 12r00r37         [24]  322 	lcall	_bcd2hex
      0000FF AC 82            [24]  323 	mov	r4,dpl
      000101 D0 05            [24]  324 	pop	ar5
      000103 D0 06            [24]  325 	pop	ar6
      000105 D0 07            [24]  326 	pop	ar7
      000107 8D 82            [24]  327 	mov	dpl,r5
      000109 8E 83            [24]  328 	mov	dph,r6
      00010B 8F F0            [24]  329 	mov	b,r7
      00010D EC               [12]  330 	mov	a,r4
      00010E 12r00r00         [24]  331 	lcall	__gptrput
                                    332 ;	src\dsrtc.c:36: i2c_stop();
                                    333 ;	src\dsrtc.c:37: }
      000111 02r00r00         [24]  334 	ljmp	_i2c_stop
                                    335 ;------------------------------------------------------------
                                    336 ;Allocation info for local variables in function 'rtc_gettime'
                                    337 ;------------------------------------------------------------
                                    338 ;pminute                   Allocated with name '_rtc_gettime_PARM_2'
                                    339 ;psecond                   Allocated with name '_rtc_gettime_PARM_3'
                                    340 ;phour                     Allocated to registers r5 r6 r7 
                                    341 ;------------------------------------------------------------
                                    342 ;	src\dsrtc.c:38: void rtc_gettime(u8 *phour, u8 *pminute, u8 *psecond){
                                    343 ;	-----------------------------------------
                                    344 ;	 function rtc_gettime
                                    345 ;	-----------------------------------------
      000114                        346 _rtc_gettime:
      000114 AD 82            [24]  347 	mov	r5,dpl
      000116 AE 83            [24]  348 	mov	r6,dph
      000118 AF F0            [24]  349 	mov	r7,b
                                    350 ;	src\dsrtc.c:39: i2c_start();
      00011A C0 07            [24]  351 	push	ar7
      00011C C0 06            [24]  352 	push	ar6
      00011E C0 05            [24]  353 	push	ar5
      000120 12r00r00         [24]  354 	lcall	_i2c_start
                                    355 ;	src\dsrtc.c:40: i2c_write(DS1307WRITE);
      000123 75 82 D0         [24]  356 	mov	dpl,#0xd0
      000126 12r00r00         [24]  357 	lcall	_i2c_write
                                    358 ;	src\dsrtc.c:41: i2c_write(DS1307TIMEADDRESS);
      000129 75 82 00         [24]  359 	mov	dpl,#0x00
      00012C 12r00r00         [24]  360 	lcall	_i2c_write
                                    361 ;	src\dsrtc.c:42: i2c_stop();
      00012F 12r00r00         [24]  362 	lcall	_i2c_stop
                                    363 ;	src\dsrtc.c:43: i2c_start();
      000132 12r00r00         [24]  364 	lcall	_i2c_start
                                    365 ;	src\dsrtc.c:44: i2c_write(DS1307READ);
      000135 75 82 D1         [24]  366 	mov	dpl,#0xd1
      000138 12r00r00         [24]  367 	lcall	_i2c_write
                                    368 ;	src\dsrtc.c:45: *psecond = bcd2hex(i2c_read(ACK));
      00013B AA*0C            [24]  369 	mov	r2,_rtc_gettime_PARM_3
      00013D AB*0D            [24]  370 	mov	r3,(_rtc_gettime_PARM_3 + 1)
      00013F AC*0E            [24]  371 	mov	r4,(_rtc_gettime_PARM_3 + 2)
                                    372 ;	assignBit
      000141 D2*00            [12]  373 	setb	_i2c_read_PARM_1
      000143 C0 04            [24]  374 	push	ar4
      000145 C0 03            [24]  375 	push	ar3
      000147 C0 02            [24]  376 	push	ar2
      000149 12r00r00         [24]  377 	lcall	_i2c_read
      00014C 12r00r37         [24]  378 	lcall	_bcd2hex
      00014F A9 82            [24]  379 	mov	r1,dpl
      000151 D0 02            [24]  380 	pop	ar2
      000153 D0 03            [24]  381 	pop	ar3
      000155 D0 04            [24]  382 	pop	ar4
      000157 8A 82            [24]  383 	mov	dpl,r2
      000159 8B 83            [24]  384 	mov	dph,r3
      00015B 8C F0            [24]  385 	mov	b,r4
      00015D E9               [12]  386 	mov	a,r1
      00015E 12r00r00         [24]  387 	lcall	__gptrput
                                    388 ;	src\dsrtc.c:46: *pminute = bcd2hex(i2c_read(ACK));
      000161 AA*09            [24]  389 	mov	r2,_rtc_gettime_PARM_2
      000163 AB*0A            [24]  390 	mov	r3,(_rtc_gettime_PARM_2 + 1)
      000165 AC*0B            [24]  391 	mov	r4,(_rtc_gettime_PARM_2 + 2)
                                    392 ;	assignBit
      000167 D2*00            [12]  393 	setb	_i2c_read_PARM_1
      000169 C0 04            [24]  394 	push	ar4
      00016B C0 03            [24]  395 	push	ar3
      00016D C0 02            [24]  396 	push	ar2
      00016F 12r00r00         [24]  397 	lcall	_i2c_read
      000172 12r00r37         [24]  398 	lcall	_bcd2hex
      000175 A9 82            [24]  399 	mov	r1,dpl
      000177 D0 02            [24]  400 	pop	ar2
      000179 D0 03            [24]  401 	pop	ar3
      00017B D0 04            [24]  402 	pop	ar4
      00017D 8A 82            [24]  403 	mov	dpl,r2
      00017F 8B 83            [24]  404 	mov	dph,r3
      000181 8C F0            [24]  405 	mov	b,r4
      000183 E9               [12]  406 	mov	a,r1
      000184 12r00r00         [24]  407 	lcall	__gptrput
                                    408 ;	src\dsrtc.c:47: *phour   = bcd2hex(i2c_read(NACK));
                                    409 ;	assignBit
      000187 C2*00            [12]  410 	clr	_i2c_read_PARM_1
      000189 12r00r00         [24]  411 	lcall	_i2c_read
      00018C 12r00r37         [24]  412 	lcall	_bcd2hex
      00018F AC 82            [24]  413 	mov	r4,dpl
      000191 D0 05            [24]  414 	pop	ar5
      000193 D0 06            [24]  415 	pop	ar6
      000195 D0 07            [24]  416 	pop	ar7
      000197 8D 82            [24]  417 	mov	dpl,r5
      000199 8E 83            [24]  418 	mov	dph,r6
      00019B 8F F0            [24]  419 	mov	b,r7
      00019D EC               [12]  420 	mov	a,r4
      00019E 12r00r00         [24]  421 	lcall	__gptrput
                                    422 ;	src\dsrtc.c:48: i2c_stop();
                                    423 ;	src\dsrtc.c:49: }
      0001A1 02r00r00         [24]  424 	ljmp	_i2c_stop
                                    425 ;------------------------------------------------------------
                                    426 ;Allocation info for local variables in function 'rtc_settime'
                                    427 ;------------------------------------------------------------
                                    428 ;minute                    Allocated with name '_rtc_settime_PARM_2'
                                    429 ;second                    Allocated with name '_rtc_settime_PARM_3'
                                    430 ;hour                      Allocated to registers r7 
                                    431 ;------------------------------------------------------------
                                    432 ;	src\dsrtc.c:51: void rtc_settime(u8 hour, u8 minute, u8 second){
                                    433 ;	-----------------------------------------
                                    434 ;	 function rtc_settime
                                    435 ;	-----------------------------------------
      0001A4                        436 _rtc_settime:
      0001A4 AF 82            [24]  437 	mov	r7,dpl
                                    438 ;	src\dsrtc.c:52: i2c_start();
      0001A6 C0 07            [24]  439 	push	ar7
      0001A8 12r00r00         [24]  440 	lcall	_i2c_start
                                    441 ;	src\dsrtc.c:53: i2c_write(DS1307WRITE);
      0001AB 75 82 D0         [24]  442 	mov	dpl,#0xd0
      0001AE 12r00r00         [24]  443 	lcall	_i2c_write
                                    444 ;	src\dsrtc.c:54: i2c_write(DS1307TIMEADDRESS);
      0001B1 75 82 00         [24]  445 	mov	dpl,#0x00
      0001B4 12r00r00         [24]  446 	lcall	_i2c_write
                                    447 ;	src\dsrtc.c:55: i2c_write(hex2bcd(second));
      0001B7 85*10 82         [24]  448 	mov	dpl,_rtc_settime_PARM_3
      0001BA 12r00r00         [24]  449 	lcall	_hex2bcd
      0001BD 12r00r00         [24]  450 	lcall	_i2c_write
                                    451 ;	src\dsrtc.c:56: i2c_write(hex2bcd(minute));
      0001C0 85*0F 82         [24]  452 	mov	dpl,_rtc_settime_PARM_2
      0001C3 12r00r00         [24]  453 	lcall	_hex2bcd
      0001C6 12r00r00         [24]  454 	lcall	_i2c_write
      0001C9 D0 07            [24]  455 	pop	ar7
                                    456 ;	src\dsrtc.c:57: i2c_write(hex2bcd(hour));
      0001CB 8F 82            [24]  457 	mov	dpl,r7
      0001CD 12r00r00         [24]  458 	lcall	_hex2bcd
      0001D0 12r00r00         [24]  459 	lcall	_i2c_write
                                    460 ;	src\dsrtc.c:58: i2c_stop();
                                    461 ;	src\dsrtc.c:59: }
      0001D3 02r00r00         [24]  462 	ljmp	_i2c_stop
                                    463 ;------------------------------------------------------------
                                    464 ;Allocation info for local variables in function 'rtc_setdate'
                                    465 ;------------------------------------------------------------
                                    466 ;day                       Allocated with name '_rtc_setdate_PARM_2'
                                    467 ;month                     Allocated with name '_rtc_setdate_PARM_3'
                                    468 ;year                      Allocated with name '_rtc_setdate_PARM_4'
                                    469 ;date                      Allocated to registers r7 
                                    470 ;------------------------------------------------------------
                                    471 ;	src\dsrtc.c:60: void rtc_setdate(u8 date, u8 day, u8 month, u8 year){
                                    472 ;	-----------------------------------------
                                    473 ;	 function rtc_setdate
                                    474 ;	-----------------------------------------
      0001D6                        475 _rtc_setdate:
      0001D6 AF 82            [24]  476 	mov	r7,dpl
                                    477 ;	src\dsrtc.c:61: i2c_start();
      0001D8 C0 07            [24]  478 	push	ar7
      0001DA 12r00r00         [24]  479 	lcall	_i2c_start
                                    480 ;	src\dsrtc.c:62: i2c_write(DS1307WRITE);
      0001DD 75 82 D0         [24]  481 	mov	dpl,#0xd0
      0001E0 12r00r00         [24]  482 	lcall	_i2c_write
                                    483 ;	src\dsrtc.c:63: i2c_write(DS1307DATEADDRESS);
      0001E3 75 82 03         [24]  484 	mov	dpl,#0x03
      0001E6 12r00r00         [24]  485 	lcall	_i2c_write
      0001E9 D0 07            [24]  486 	pop	ar7
                                    487 ;	src\dsrtc.c:64: i2c_write(date);
      0001EB 8F 82            [24]  488 	mov	dpl,r7
      0001ED 12r00r00         [24]  489 	lcall	_i2c_write
                                    490 ;	src\dsrtc.c:65: i2c_write(hex2bcd(day));
      0001F0 85*11 82         [24]  491 	mov	dpl,_rtc_setdate_PARM_2
      0001F3 12r00r00         [24]  492 	lcall	_hex2bcd
      0001F6 12r00r00         [24]  493 	lcall	_i2c_write
                                    494 ;	src\dsrtc.c:66: i2c_write(hex2bcd(month));
      0001F9 85*12 82         [24]  495 	mov	dpl,_rtc_setdate_PARM_3
      0001FC 12r00r00         [24]  496 	lcall	_hex2bcd
      0001FF 12r00r00         [24]  497 	lcall	_i2c_write
                                    498 ;	src\dsrtc.c:67: i2c_write(hex2bcd(year));
      000202 85*13 82         [24]  499 	mov	dpl,_rtc_setdate_PARM_4
      000205 12r00r00         [24]  500 	lcall	_hex2bcd
      000208 12r00r00         [24]  501 	lcall	_i2c_write
                                    502 ;	src\dsrtc.c:68: i2c_stop();
                                    503 ;	src\dsrtc.c:69: }
      00020B 02r00r00         [24]  504 	ljmp	_i2c_stop
                                    505 	.area CSEG    (CODE)
                                    506 	.area CONST   (CODE)
                                    507 	.area XINIT   (CODE)
                                    508 	.area CABS    (ABS,CODE)
