                                      1 ;--------------------------------------------------------
                                      2 ; File Created by SDCC : free open source ANSI-C Compiler
                                      3 ; Version 4.2.0 #13081 (MINGW64)
                                      4 ;--------------------------------------------------------
                                      5 	.module lcd
                                      6 	.optsdcc -mmcs51 --model-small
                                      7 	
                                      8 ;--------------------------------------------------------
                                      9 ; Public variables in this module
                                     10 ;--------------------------------------------------------
                                     11 	.globl _CCF0
                                     12 	.globl _CCF1
                                     13 	.globl _CCF2
                                     14 	.globl _CR
                                     15 	.globl _CF
                                     16 	.globl _RI
                                     17 	.globl _TI
                                     18 	.globl _RB8
                                     19 	.globl _TB8
                                     20 	.globl _REN
                                     21 	.globl _SM2
                                     22 	.globl _SM1
                                     23 	.globl _SM0
                                     24 	.globl _IT0
                                     25 	.globl _IE0
                                     26 	.globl _IT1
                                     27 	.globl _IE1
                                     28 	.globl _TR0
                                     29 	.globl _TF0
                                     30 	.globl _TR1
                                     31 	.globl _TF1
                                     32 	.globl _PX0
                                     33 	.globl _PT0
                                     34 	.globl _PX1
                                     35 	.globl _PT1
                                     36 	.globl _PS
                                     37 	.globl _PADC
                                     38 	.globl _PLVD
                                     39 	.globl _PPCA
                                     40 	.globl _EX0
                                     41 	.globl _ET0
                                     42 	.globl _EX1
                                     43 	.globl _ET1
                                     44 	.globl _ES
                                     45 	.globl _EADC
                                     46 	.globl _ELVD
                                     47 	.globl _EA
                                     48 	.globl _P77
                                     49 	.globl _P76
                                     50 	.globl _P75
                                     51 	.globl _P74
                                     52 	.globl _P73
                                     53 	.globl _P72
                                     54 	.globl _P71
                                     55 	.globl _P70
                                     56 	.globl _P67
                                     57 	.globl _P66
                                     58 	.globl _P65
                                     59 	.globl _P64
                                     60 	.globl _P63
                                     61 	.globl _P62
                                     62 	.globl _P61
                                     63 	.globl _P60
                                     64 	.globl _P57
                                     65 	.globl _P56
                                     66 	.globl _P55
                                     67 	.globl _P54
                                     68 	.globl _P53
                                     69 	.globl _P52
                                     70 	.globl _P51
                                     71 	.globl _P50
                                     72 	.globl _P47
                                     73 	.globl _P46
                                     74 	.globl _P45
                                     75 	.globl _P44
                                     76 	.globl _P43
                                     77 	.globl _P42
                                     78 	.globl _P41
                                     79 	.globl _P40
                                     80 	.globl _P37
                                     81 	.globl _P36
                                     82 	.globl _P35
                                     83 	.globl _P34
                                     84 	.globl _P33
                                     85 	.globl _P32
                                     86 	.globl _P31
                                     87 	.globl _P30
                                     88 	.globl _P27
                                     89 	.globl _P26
                                     90 	.globl _P25
                                     91 	.globl _P24
                                     92 	.globl _P23
                                     93 	.globl _P22
                                     94 	.globl _P21
                                     95 	.globl _P20
                                     96 	.globl _P17
                                     97 	.globl _P16
                                     98 	.globl _P15
                                     99 	.globl _P14
                                    100 	.globl _P13
                                    101 	.globl _P12
                                    102 	.globl _P11
                                    103 	.globl _P10
                                    104 	.globl _P07
                                    105 	.globl _P06
                                    106 	.globl _P05
                                    107 	.globl _P04
                                    108 	.globl _P03
                                    109 	.globl _P02
                                    110 	.globl _P01
                                    111 	.globl _P00
                                    112 	.globl _P
                                    113 	.globl _F1
                                    114 	.globl _OV
                                    115 	.globl _RS0
                                    116 	.globl _RS1
                                    117 	.globl _F0
                                    118 	.globl _AC
                                    119 	.globl _CY
                                    120 	.globl _PWMFDCR
                                    121 	.globl _PWMIF
                                    122 	.globl _PWMCR
                                    123 	.globl _PWMCFG
                                    124 	.globl _CMPCR2
                                    125 	.globl _CMPCR1
                                    126 	.globl _CCAP2H
                                    127 	.globl _CCAP1H
                                    128 	.globl _CCAP0H
                                    129 	.globl _PCA_PWM2
                                    130 	.globl _PCA_PWM1
                                    131 	.globl _PCA_PWM0
                                    132 	.globl _CCAP2L
                                    133 	.globl _CCAP1L
                                    134 	.globl _CCAP0L
                                    135 	.globl _CCAPM2
                                    136 	.globl _CCAPM1
                                    137 	.globl _CCAPM0
                                    138 	.globl _CH
                                    139 	.globl _CL
                                    140 	.globl _CMOD
                                    141 	.globl _CCON
                                    142 	.globl _IAP_CONTR
                                    143 	.globl _IAP_TRIG
                                    144 	.globl _IAP_CMD
                                    145 	.globl _IAP_ADDRL
                                    146 	.globl _IAP_ADDRH
                                    147 	.globl _IAP_DATA
                                    148 	.globl _SPDAT
                                    149 	.globl _SPCTL
                                    150 	.globl _SPSTAT
                                    151 	.globl _ADC_RESL
                                    152 	.globl _ADC_RES
                                    153 	.globl _ADC_CONTR
                                    154 	.globl _SADEN
                                    155 	.globl _SADDR
                                    156 	.globl _S4BUF
                                    157 	.globl _S4CON
                                    158 	.globl _S3BUF
                                    159 	.globl _S3CON
                                    160 	.globl _S2BUF
                                    161 	.globl _S2CON
                                    162 	.globl _SBUF
                                    163 	.globl _SCON
                                    164 	.globl _WDT_CONTR
                                    165 	.globl _WKTCH
                                    166 	.globl _WKTCL
                                    167 	.globl _T2L
                                    168 	.globl _T2H
                                    169 	.globl _T3L
                                    170 	.globl _T3H
                                    171 	.globl _T4L
                                    172 	.globl _T4H
                                    173 	.globl _T4T3M
                                    174 	.globl _TH1
                                    175 	.globl _TH0
                                    176 	.globl _TL1
                                    177 	.globl _TL0
                                    178 	.globl _TMOD
                                    179 	.globl _TCON
                                    180 	.globl _INT_CLKO
                                    181 	.globl _IP2
                                    182 	.globl _IE2
                                    183 	.globl _IP
                                    184 	.globl _IE
                                    185 	.globl _P_SW2
                                    186 	.globl _P1ASF
                                    187 	.globl _BUS_SPEED
                                    188 	.globl _CLK_DIV
                                    189 	.globl _P_SW1
                                    190 	.globl _AUXR1
                                    191 	.globl _AUXR
                                    192 	.globl _PCON
                                    193 	.globl _P7M1
                                    194 	.globl _P7M0
                                    195 	.globl _P6M1
                                    196 	.globl _P6M0
                                    197 	.globl _P5M1
                                    198 	.globl _P5M0
                                    199 	.globl _P4M1
                                    200 	.globl _P4M0
                                    201 	.globl _P3M1
                                    202 	.globl _P3M0
                                    203 	.globl _P2M1
                                    204 	.globl _P2M0
                                    205 	.globl _P1M1
                                    206 	.globl _P1M0
                                    207 	.globl _P0M1
                                    208 	.globl _P0M0
                                    209 	.globl _P7
                                    210 	.globl _P6
                                    211 	.globl _P5
                                    212 	.globl _P4
                                    213 	.globl _P3
                                    214 	.globl _P2
                                    215 	.globl _P1
                                    216 	.globl _P0
                                    217 	.globl _DPH
                                    218 	.globl _DPL
                                    219 	.globl _SP
                                    220 	.globl _PSW
                                    221 	.globl _B
                                    222 	.globl _ACC
                                    223 	.globl _LCD_guigio_PARM_6
                                    224 	.globl _LCD_guigio_PARM_5
                                    225 	.globl _LCD_guigio_PARM_4
                                    226 	.globl _LCD_guigio_PARM_3
                                    227 	.globl _LCD_guigio_PARM_2
                                    228 	.globl _LCD_chop_PARM_2
                                    229 	.globl _LCD_blinkXY_PARM_2
                                    230 	.globl _delay_us
                                    231 	.globl _delay_ms
                                    232 	.globl _LCD_blinkXY
                                    233 	.globl _LCD_chop
                                    234 	.globl _LCD_guidulieu
                                    235 	.globl _LCD_guilenh
                                    236 	.globl _LCD_noblink
                                    237 	.globl _LCD_xoa
                                    238 	.globl _LCD_guichuoi
                                    239 	.globl _LCD_Init
                                    240 	.globl _LCD_guigio
                                    241 ;--------------------------------------------------------
                                    242 ; special function registers
                                    243 ;--------------------------------------------------------
                                    244 	.area RSEG    (ABS,DATA)
      000000                        245 	.org 0x0000
                           0000E0   246 _ACC	=	0x00e0
                           0000F0   247 _B	=	0x00f0
                           0000D0   248 _PSW	=	0x00d0
                           000081   249 _SP	=	0x0081
                           000082   250 _DPL	=	0x0082
                           000083   251 _DPH	=	0x0083
                           000080   252 _P0	=	0x0080
                           000090   253 _P1	=	0x0090
                           0000A0   254 _P2	=	0x00a0
                           0000B0   255 _P3	=	0x00b0
                           0000C0   256 _P4	=	0x00c0
                           0000C8   257 _P5	=	0x00c8
                           0000E8   258 _P6	=	0x00e8
                           0000F8   259 _P7	=	0x00f8
                           000094   260 _P0M0	=	0x0094
                           000093   261 _P0M1	=	0x0093
                           000092   262 _P1M0	=	0x0092
                           000091   263 _P1M1	=	0x0091
                           000096   264 _P2M0	=	0x0096
                           000095   265 _P2M1	=	0x0095
                           0000B2   266 _P3M0	=	0x00b2
                           0000B1   267 _P3M1	=	0x00b1
                           0000B4   268 _P4M0	=	0x00b4
                           0000B3   269 _P4M1	=	0x00b3
                           0000CA   270 _P5M0	=	0x00ca
                           0000C9   271 _P5M1	=	0x00c9
                           0000CC   272 _P6M0	=	0x00cc
                           0000CB   273 _P6M1	=	0x00cb
                           0000E2   274 _P7M0	=	0x00e2
                           0000E1   275 _P7M1	=	0x00e1
                           000087   276 _PCON	=	0x0087
                           00008E   277 _AUXR	=	0x008e
                           0000A2   278 _AUXR1	=	0x00a2
                           0000A2   279 _P_SW1	=	0x00a2
                           000097   280 _CLK_DIV	=	0x0097
                           0000A1   281 _BUS_SPEED	=	0x00a1
                           00009D   282 _P1ASF	=	0x009d
                           0000BA   283 _P_SW2	=	0x00ba
                           0000A8   284 _IE	=	0x00a8
                           0000B8   285 _IP	=	0x00b8
                           0000AF   286 _IE2	=	0x00af
                           0000B5   287 _IP2	=	0x00b5
                           00008F   288 _INT_CLKO	=	0x008f
                           000088   289 _TCON	=	0x0088
                           000089   290 _TMOD	=	0x0089
                           00008A   291 _TL0	=	0x008a
                           00008B   292 _TL1	=	0x008b
                           00008C   293 _TH0	=	0x008c
                           00008D   294 _TH1	=	0x008d
                           0000D1   295 _T4T3M	=	0x00d1
                           0000D2   296 _T4H	=	0x00d2
                           0000D3   297 _T4L	=	0x00d3
                           0000D4   298 _T3H	=	0x00d4
                           0000D5   299 _T3L	=	0x00d5
                           0000D6   300 _T2H	=	0x00d6
                           0000D7   301 _T2L	=	0x00d7
                           0000AA   302 _WKTCL	=	0x00aa
                           0000AB   303 _WKTCH	=	0x00ab
                           0000C1   304 _WDT_CONTR	=	0x00c1
                           000098   305 _SCON	=	0x0098
                           000099   306 _SBUF	=	0x0099
                           00009A   307 _S2CON	=	0x009a
                           00009B   308 _S2BUF	=	0x009b
                           0000AC   309 _S3CON	=	0x00ac
                           0000AD   310 _S3BUF	=	0x00ad
                           000084   311 _S4CON	=	0x0084
                           000085   312 _S4BUF	=	0x0085
                           0000A9   313 _SADDR	=	0x00a9
                           0000B9   314 _SADEN	=	0x00b9
                           0000BC   315 _ADC_CONTR	=	0x00bc
                           0000BD   316 _ADC_RES	=	0x00bd
                           0000BE   317 _ADC_RESL	=	0x00be
                           0000CD   318 _SPSTAT	=	0x00cd
                           0000CE   319 _SPCTL	=	0x00ce
                           0000CF   320 _SPDAT	=	0x00cf
                           0000C2   321 _IAP_DATA	=	0x00c2
                           0000C3   322 _IAP_ADDRH	=	0x00c3
                           0000C4   323 _IAP_ADDRL	=	0x00c4
                           0000C5   324 _IAP_CMD	=	0x00c5
                           0000C6   325 _IAP_TRIG	=	0x00c6
                           0000C7   326 _IAP_CONTR	=	0x00c7
                           0000D8   327 _CCON	=	0x00d8
                           0000D9   328 _CMOD	=	0x00d9
                           0000E9   329 _CL	=	0x00e9
                           0000F9   330 _CH	=	0x00f9
                           0000DA   331 _CCAPM0	=	0x00da
                           0000DB   332 _CCAPM1	=	0x00db
                           0000DC   333 _CCAPM2	=	0x00dc
                           0000EA   334 _CCAP0L	=	0x00ea
                           0000EB   335 _CCAP1L	=	0x00eb
                           0000EC   336 _CCAP2L	=	0x00ec
                           0000F2   337 _PCA_PWM0	=	0x00f2
                           0000F3   338 _PCA_PWM1	=	0x00f3
                           0000F4   339 _PCA_PWM2	=	0x00f4
                           0000FA   340 _CCAP0H	=	0x00fa
                           0000FB   341 _CCAP1H	=	0x00fb
                           0000FC   342 _CCAP2H	=	0x00fc
                           0000E6   343 _CMPCR1	=	0x00e6
                           0000E7   344 _CMPCR2	=	0x00e7
                           0000F1   345 _PWMCFG	=	0x00f1
                           0000F5   346 _PWMCR	=	0x00f5
                           0000F6   347 _PWMIF	=	0x00f6
                           0000F7   348 _PWMFDCR	=	0x00f7
                                    349 ;--------------------------------------------------------
                                    350 ; special function bits
                                    351 ;--------------------------------------------------------
                                    352 	.area RSEG    (ABS,DATA)
      000000                        353 	.org 0x0000
                           0000D7   354 _CY	=	0x00d7
                           0000D6   355 _AC	=	0x00d6
                           0000D5   356 _F0	=	0x00d5
                           0000D4   357 _RS1	=	0x00d4
                           0000D3   358 _RS0	=	0x00d3
                           0000D2   359 _OV	=	0x00d2
                           0000D1   360 _F1	=	0x00d1
                           0000D0   361 _P	=	0x00d0
                           000080   362 _P00	=	0x0080
                           000081   363 _P01	=	0x0081
                           000082   364 _P02	=	0x0082
                           000083   365 _P03	=	0x0083
                           000084   366 _P04	=	0x0084
                           000085   367 _P05	=	0x0085
                           000086   368 _P06	=	0x0086
                           000087   369 _P07	=	0x0087
                           000090   370 _P10	=	0x0090
                           000091   371 _P11	=	0x0091
                           000092   372 _P12	=	0x0092
                           000093   373 _P13	=	0x0093
                           000094   374 _P14	=	0x0094
                           000095   375 _P15	=	0x0095
                           000096   376 _P16	=	0x0096
                           000097   377 _P17	=	0x0097
                           0000A0   378 _P20	=	0x00a0
                           0000A1   379 _P21	=	0x00a1
                           0000A2   380 _P22	=	0x00a2
                           0000A3   381 _P23	=	0x00a3
                           0000A4   382 _P24	=	0x00a4
                           0000A5   383 _P25	=	0x00a5
                           0000A6   384 _P26	=	0x00a6
                           0000A7   385 _P27	=	0x00a7
                           0000B0   386 _P30	=	0x00b0
                           0000B1   387 _P31	=	0x00b1
                           0000B2   388 _P32	=	0x00b2
                           0000B3   389 _P33	=	0x00b3
                           0000B4   390 _P34	=	0x00b4
                           0000B5   391 _P35	=	0x00b5
                           0000B6   392 _P36	=	0x00b6
                           0000B7   393 _P37	=	0x00b7
                           0000C0   394 _P40	=	0x00c0
                           0000C1   395 _P41	=	0x00c1
                           0000C2   396 _P42	=	0x00c2
                           0000C3   397 _P43	=	0x00c3
                           0000C4   398 _P44	=	0x00c4
                           0000C5   399 _P45	=	0x00c5
                           0000C6   400 _P46	=	0x00c6
                           0000C7   401 _P47	=	0x00c7
                           0000C8   402 _P50	=	0x00c8
                           0000C9   403 _P51	=	0x00c9
                           0000CA   404 _P52	=	0x00ca
                           0000CB   405 _P53	=	0x00cb
                           0000CC   406 _P54	=	0x00cc
                           0000CD   407 _P55	=	0x00cd
                           0000CE   408 _P56	=	0x00ce
                           0000CF   409 _P57	=	0x00cf
                           0000E8   410 _P60	=	0x00e8
                           0000E9   411 _P61	=	0x00e9
                           0000EA   412 _P62	=	0x00ea
                           0000EB   413 _P63	=	0x00eb
                           0000EC   414 _P64	=	0x00ec
                           0000ED   415 _P65	=	0x00ed
                           0000EE   416 _P66	=	0x00ee
                           0000EF   417 _P67	=	0x00ef
                           0000F8   418 _P70	=	0x00f8
                           0000F9   419 _P71	=	0x00f9
                           0000FA   420 _P72	=	0x00fa
                           0000FB   421 _P73	=	0x00fb
                           0000FC   422 _P74	=	0x00fc
                           0000FD   423 _P75	=	0x00fd
                           0000FE   424 _P76	=	0x00fe
                           0000FF   425 _P77	=	0x00ff
                           0000AF   426 _EA	=	0x00af
                           0000AE   427 _ELVD	=	0x00ae
                           0000AD   428 _EADC	=	0x00ad
                           0000AC   429 _ES	=	0x00ac
                           0000AB   430 _ET1	=	0x00ab
                           0000AA   431 _EX1	=	0x00aa
                           0000A9   432 _ET0	=	0x00a9
                           0000A8   433 _EX0	=	0x00a8
                           0000BF   434 _PPCA	=	0x00bf
                           0000BE   435 _PLVD	=	0x00be
                           0000BD   436 _PADC	=	0x00bd
                           0000BC   437 _PS	=	0x00bc
                           0000BB   438 _PT1	=	0x00bb
                           0000BA   439 _PX1	=	0x00ba
                           0000B9   440 _PT0	=	0x00b9
                           0000B8   441 _PX0	=	0x00b8
                           00008F   442 _TF1	=	0x008f
                           00008E   443 _TR1	=	0x008e
                           00008D   444 _TF0	=	0x008d
                           00008C   445 _TR0	=	0x008c
                           00008B   446 _IE1	=	0x008b
                           00008A   447 _IT1	=	0x008a
                           000089   448 _IE0	=	0x0089
                           000088   449 _IT0	=	0x0088
                           00009F   450 _SM0	=	0x009f
                           00009E   451 _SM1	=	0x009e
                           00009D   452 _SM2	=	0x009d
                           00009C   453 _REN	=	0x009c
                           00009B   454 _TB8	=	0x009b
                           00009A   455 _RB8	=	0x009a
                           000099   456 _TI	=	0x0099
                           000098   457 _RI	=	0x0098
                           0000DF   458 _CF	=	0x00df
                           0000DE   459 _CR	=	0x00de
                           0000DA   460 _CCF2	=	0x00da
                           0000D9   461 _CCF1	=	0x00d9
                           0000D8   462 _CCF0	=	0x00d8
                                    463 ;--------------------------------------------------------
                                    464 ; overlayable register banks
                                    465 ;--------------------------------------------------------
                                    466 	.area REG_BANK_0	(REL,OVR,DATA)
      000000                        467 	.ds 8
                                    468 ;--------------------------------------------------------
                                    469 ; internal ram data
                                    470 ;--------------------------------------------------------
                                    471 	.area DSEG    (DATA)
      000000                        472 _LCD_blinkXY_PARM_2:
      000000                        473 	.ds 1
      000001                        474 _LCD_chop_PARM_2:
      000001                        475 	.ds 3
      000004                        476 _LCD_guigio_PARM_2:
      000004                        477 	.ds 3
      000007                        478 _LCD_guigio_PARM_3:
      000007                        479 	.ds 1
      000008                        480 _LCD_guigio_PARM_4:
      000008                        481 	.ds 1
      000009                        482 _LCD_guigio_PARM_5:
      000009                        483 	.ds 1
                                    484 ;--------------------------------------------------------
                                    485 ; overlayable items in internal ram
                                    486 ;--------------------------------------------------------
                                    487 	.area	OSEG    (OVR,DATA)
                                    488 ;--------------------------------------------------------
                                    489 ; indirectly addressable internal ram data
                                    490 ;--------------------------------------------------------
                                    491 	.area ISEG    (DATA)
                                    492 ;--------------------------------------------------------
                                    493 ; absolute internal ram data
                                    494 ;--------------------------------------------------------
                                    495 	.area IABS    (ABS,DATA)
                                    496 	.area IABS    (ABS,DATA)
                                    497 ;--------------------------------------------------------
                                    498 ; bit data
                                    499 ;--------------------------------------------------------
                                    500 	.area BSEG    (BIT)
      000000                        501 _LCD_guigio_PARM_6:
      000000                        502 	.ds 1
                                    503 ;--------------------------------------------------------
                                    504 ; paged external ram data
                                    505 ;--------------------------------------------------------
                                    506 	.area PSEG    (PAG,XDATA)
                                    507 ;--------------------------------------------------------
                                    508 ; external ram data
                                    509 ;--------------------------------------------------------
                                    510 	.area XSEG    (XDATA)
                                    511 ;--------------------------------------------------------
                                    512 ; absolute external ram data
                                    513 ;--------------------------------------------------------
                                    514 	.area XABS    (ABS,XDATA)
                                    515 ;--------------------------------------------------------
                                    516 ; external initialized ram data
                                    517 ;--------------------------------------------------------
                                    518 	.area XISEG   (XDATA)
                                    519 	.area HOME    (CODE)
                                    520 	.area GSINIT0 (CODE)
                                    521 	.area GSINIT1 (CODE)
                                    522 	.area GSINIT2 (CODE)
                                    523 	.area GSINIT3 (CODE)
                                    524 	.area GSINIT4 (CODE)
                                    525 	.area GSINIT5 (CODE)
                                    526 	.area GSINIT  (CODE)
                                    527 	.area GSFINAL (CODE)
                                    528 	.area CSEG    (CODE)
                                    529 ;--------------------------------------------------------
                                    530 ; global & static initialisations
                                    531 ;--------------------------------------------------------
                                    532 	.area HOME    (CODE)
                                    533 	.area GSINIT  (CODE)
                                    534 	.area GSFINAL (CODE)
                                    535 	.area GSINIT  (CODE)
                                    536 ;--------------------------------------------------------
                                    537 ; Home
                                    538 ;--------------------------------------------------------
                                    539 	.area HOME    (CODE)
                                    540 	.area HOME    (CODE)
                                    541 ;--------------------------------------------------------
                                    542 ; code
                                    543 ;--------------------------------------------------------
                                    544 	.area CSEG    (CODE)
                                    545 ;------------------------------------------------------------
                                    546 ;Allocation info for local variables in function 'delay_us'
                                    547 ;------------------------------------------------------------
                                    548 ;t                         Allocated to registers r6 r7 
                                    549 ;i                         Allocated to registers r4 r5 
                                    550 ;------------------------------------------------------------
                                    551 ;	src\lcd.c:4: void delay_us(unsigned int t)
                                    552 ;	-----------------------------------------
                                    553 ;	 function delay_us
                                    554 ;	-----------------------------------------
      000000                        555 _delay_us:
                           000007   556 	ar7 = 0x07
                           000006   557 	ar6 = 0x06
                           000005   558 	ar5 = 0x05
                           000004   559 	ar4 = 0x04
                           000003   560 	ar3 = 0x03
                           000002   561 	ar2 = 0x02
                           000001   562 	ar1 = 0x01
                           000000   563 	ar0 = 0x00
      000000 AE 82            [24]  564 	mov	r6,dpl
      000002 AF 83            [24]  565 	mov	r7,dph
                                    566 ;	src\lcd.c:7: for(i=0;i<t;i++){WATCHDOG;};
      000004 7C 00            [12]  567 	mov	r4,#0x00
      000006 7D 00            [12]  568 	mov	r5,#0x00
      000008                        569 00103$:
      000008 C3               [12]  570 	clr	c
      000009 EC               [12]  571 	mov	a,r4
      00000A 9E               [12]  572 	subb	a,r6
      00000B ED               [12]  573 	mov	a,r5
      00000C 9F               [12]  574 	subb	a,r7
      00000D 50 0A            [24]  575 	jnc	00105$
      00000F 43 C1 10         [24]  576 	orl	_WDT_CONTR,#0x10
      000012 0C               [12]  577 	inc	r4
      000013 BC 00 F2         [24]  578 	cjne	r4,#0x00,00103$
      000016 0D               [12]  579 	inc	r5
      000017 80 EF            [24]  580 	sjmp	00103$
      000019                        581 00105$:
                                    582 ;	src\lcd.c:8: }
      000019 22               [24]  583 	ret
                                    584 ;------------------------------------------------------------
                                    585 ;Allocation info for local variables in function 'delay_ms'
                                    586 ;------------------------------------------------------------
                                    587 ;t                         Allocated to registers r6 r7 
                                    588 ;i                         Allocated to registers r4 r5 
                                    589 ;------------------------------------------------------------
                                    590 ;	src\lcd.c:10: void delay_ms(unsigned int t)
                                    591 ;	-----------------------------------------
                                    592 ;	 function delay_ms
                                    593 ;	-----------------------------------------
      00001A                        594 _delay_ms:
      00001A AE 82            [24]  595 	mov	r6,dpl
      00001C AF 83            [24]  596 	mov	r7,dph
                                    597 ;	src\lcd.c:13: for (i = 0; i < t; i++)delay_us(1000);
      00001E 7C 00            [12]  598 	mov	r4,#0x00
      000020 7D 00            [12]  599 	mov	r5,#0x00
      000022                        600 00103$:
      000022 C3               [12]  601 	clr	c
      000023 EC               [12]  602 	mov	a,r4
      000024 9E               [12]  603 	subb	a,r6
      000025 ED               [12]  604 	mov	a,r5
      000026 9F               [12]  605 	subb	a,r7
      000027 50 1D            [24]  606 	jnc	00105$
      000029 90 03 E8         [24]  607 	mov	dptr,#0x03e8
      00002C C0 07            [24]  608 	push	ar7
      00002E C0 06            [24]  609 	push	ar6
      000030 C0 05            [24]  610 	push	ar5
      000032 C0 04            [24]  611 	push	ar4
      000034 12r00r00         [24]  612 	lcall	_delay_us
      000037 D0 04            [24]  613 	pop	ar4
      000039 D0 05            [24]  614 	pop	ar5
      00003B D0 06            [24]  615 	pop	ar6
      00003D D0 07            [24]  616 	pop	ar7
      00003F 0C               [12]  617 	inc	r4
      000040 BC 00 DF         [24]  618 	cjne	r4,#0x00,00103$
      000043 0D               [12]  619 	inc	r5
      000044 80 DC            [24]  620 	sjmp	00103$
      000046                        621 00105$:
                                    622 ;	src\lcd.c:15: }
      000046 22               [24]  623 	ret
                                    624 ;------------------------------------------------------------
                                    625 ;Allocation info for local variables in function 'LCD_blinkXY'
                                    626 ;------------------------------------------------------------
                                    627 ;cot                       Allocated with name '_LCD_blinkXY_PARM_2'
                                    628 ;hang                      Allocated to registers r7 
                                    629 ;------------------------------------------------------------
                                    630 ;	src\lcd.c:17: void LCD_blinkXY(u8 hang, u8 cot){
                                    631 ;	-----------------------------------------
                                    632 ;	 function LCD_blinkXY
                                    633 ;	-----------------------------------------
      000047                        634 _LCD_blinkXY:
      000047 AF 82            [24]  635 	mov	r7,dpl
                                    636 ;	src\lcd.c:18: LCD_guilenh(hang|cot);
      000049 E5*00            [12]  637 	mov	a,_LCD_blinkXY_PARM_2
      00004B 4F               [12]  638 	orl	a,r7
      00004C F5 82            [12]  639 	mov	dpl,a
      00004E 12r00rD0         [24]  640 	lcall	_LCD_guilenh
                                    641 ;	src\lcd.c:19: LCD_guilenh(0x0d);
      000051 75 82 0D         [24]  642 	mov	dpl,#0x0d
                                    643 ;	src\lcd.c:21: }
      000054 02r00rD0         [24]  644 	ljmp	_LCD_guilenh
                                    645 ;------------------------------------------------------------
                                    646 ;Allocation info for local variables in function 'LCD_chop'
                                    647 ;------------------------------------------------------------
                                    648 ;vanban                    Allocated with name '_LCD_chop_PARM_2'
                                    649 ;hang                      Allocated to registers r7 
                                    650 ;------------------------------------------------------------
                                    651 ;	src\lcd.c:22: void LCD_chop(u8 hang,u8 *vanban){
                                    652 ;	-----------------------------------------
                                    653 ;	 function LCD_chop
                                    654 ;	-----------------------------------------
      000057                        655 _LCD_chop:
      000057 AF 82            [24]  656 	mov	r7,dpl
                                    657 ;	src\lcd.c:23: if(chop){
      000059 30*00 11         [24]  658 	jnb	_chop,00102$
                                    659 ;	src\lcd.c:24: LCD_guilenh(hang);
      00005C 8F 82            [24]  660 	mov	dpl,r7
      00005E 12r00rD0         [24]  661 	lcall	_LCD_guilenh
                                    662 ;	src\lcd.c:25: LCD_guichuoi(vanban);
      000061 85*01 82         [24]  663 	mov	dpl,_LCD_chop_PARM_2
      000064 85*02 83         [24]  664 	mov	dph,(_LCD_chop_PARM_2 + 1)
      000067 85*03 F0         [24]  665 	mov	b,(_LCD_chop_PARM_2 + 2)
      00006A 02r01r50         [24]  666 	ljmp	_LCD_guichuoi
      00006D                        667 00102$:
                                    668 ;	src\lcd.c:26: }else LCD_xoa(hang);
      00006D 8F 82            [24]  669 	mov	dpl,r7
                                    670 ;	src\lcd.c:27: }
      00006F 02r01r31         [24]  671 	ljmp	_LCD_xoa
                                    672 ;------------------------------------------------------------
                                    673 ;Allocation info for local variables in function 'LCD_guidulieu'
                                    674 ;------------------------------------------------------------
                                    675 ;dulieu                    Allocated to registers r7 
                                    676 ;------------------------------------------------------------
                                    677 ;	src\lcd.c:29: void LCD_guidulieu(u8 dulieu){
                                    678 ;	-----------------------------------------
                                    679 ;	 function LCD_guidulieu
                                    680 ;	-----------------------------------------
      000072                        681 _LCD_guidulieu:
      000072 AF 82            [24]  682 	mov	r7,dpl
                                    683 ;	src\lcd.c:31: LCD_rs=1;
                                    684 ;	assignBit
      000074 D2 85            [12]  685 	setb	_P05
                                    686 ;	src\lcd.c:32: LCD_D4=(dulieu>>4)&1;
      000076 EF               [12]  687 	mov	a,r7
      000077 C4               [12]  688 	swap	a
      000078 54 01            [12]  689 	anl	a,#0x01
                                    690 ;	assignBit
      00007A 24 FF            [12]  691 	add	a,#0xff
      00007C 92 83            [24]  692 	mov	_P03,c
                                    693 ;	src\lcd.c:33: LCD_D5=(dulieu>>5)&1;
      00007E EF               [12]  694 	mov	a,r7
      00007F A2 E5            [12]  695 	mov	c,acc[5]
      000081 E4               [12]  696 	clr	a
      000082 33               [12]  697 	rlc	a
                                    698 ;	assignBit
      000083 24 FF            [12]  699 	add	a,#0xff
      000085 92 82            [24]  700 	mov	_P02,c
                                    701 ;	src\lcd.c:34: LCD_D6=(dulieu>>6)&1;
      000087 EF               [12]  702 	mov	a,r7
      000088 23               [12]  703 	rl	a
      000089 23               [12]  704 	rl	a
      00008A 54 01            [12]  705 	anl	a,#0x01
                                    706 ;	assignBit
      00008C 24 FF            [12]  707 	add	a,#0xff
      00008E 92 81            [24]  708 	mov	_P01,c
                                    709 ;	src\lcd.c:35: LCD_D7=(dulieu>>7)&1;
      000090 EF               [12]  710 	mov	a,r7
      000091 23               [12]  711 	rl	a
      000092 54 01            [12]  712 	anl	a,#0x01
                                    713 ;	assignBit
      000094 FE               [12]  714 	mov	r6,a
      000095 24 FF            [12]  715 	add	a,#0xff
      000097 92 80            [24]  716 	mov	_P00,c
                                    717 ;	src\lcd.c:36: LCD_en =1;
                                    718 ;	assignBit
      000099 D2 84            [12]  719 	setb	_P04
                                    720 ;	src\lcd.c:37: _nop_();
      00009B 00               [12]  721 	NOP	
                                    722 ;	src\lcd.c:38: LCD_en=0;
                                    723 ;	assignBit
      00009C C2 84            [12]  724 	clr	_P04
                                    725 ;	src\lcd.c:39: _nop_();
      00009E 00               [12]  726 	NOP	
                                    727 ;	src\lcd.c:40: LCD_D4=dulieu 	  &1;
      00009F EF               [12]  728 	mov	a,r7
      0000A0 54 01            [12]  729 	anl	a,#0x01
                                    730 ;	assignBit
      0000A2 24 FF            [12]  731 	add	a,#0xff
      0000A4 92 83            [24]  732 	mov	_P03,c
                                    733 ;	src\lcd.c:41: LCD_D5=(dulieu>>1)&1;
      0000A6 EF               [12]  734 	mov	a,r7
      0000A7 03               [12]  735 	rr	a
      0000A8 54 01            [12]  736 	anl	a,#0x01
                                    737 ;	assignBit
      0000AA 24 FF            [12]  738 	add	a,#0xff
      0000AC 92 82            [24]  739 	mov	_P02,c
                                    740 ;	src\lcd.c:42: LCD_D6=(dulieu>>2)&1;
      0000AE EF               [12]  741 	mov	a,r7
      0000AF 03               [12]  742 	rr	a
      0000B0 03               [12]  743 	rr	a
      0000B1 54 01            [12]  744 	anl	a,#0x01
                                    745 ;	assignBit
      0000B3 FE               [12]  746 	mov	r6,a
      0000B4 24 FF            [12]  747 	add	a,#0xff
      0000B6 92 81            [24]  748 	mov	_P01,c
                                    749 ;	src\lcd.c:43: LCD_D7=(dulieu>>3)&1;
      0000B8 EF               [12]  750 	mov	a,r7
      0000B9 A2 E3            [12]  751 	mov	c,acc[3]
      0000BB E4               [12]  752 	clr	a
      0000BC 33               [12]  753 	rlc	a
                                    754 ;	assignBit
      0000BD FF               [12]  755 	mov	r7,a
      0000BE 24 FF            [12]  756 	add	a,#0xff
      0000C0 92 80            [24]  757 	mov	_P00,c
                                    758 ;	src\lcd.c:44: LCD_en =1;
                                    759 ;	assignBit
      0000C2 D2 84            [12]  760 	setb	_P04
                                    761 ;	src\lcd.c:45: _nop_();
      0000C4 00               [12]  762 	NOP	
                                    763 ;	src\lcd.c:46: LCD_en=0;
                                    764 ;	assignBit
      0000C5 C2 84            [12]  765 	clr	_P04
                                    766 ;	src\lcd.c:47: delay_us(100);
      0000C7 90 00 64         [24]  767 	mov	dptr,#0x0064
      0000CA 12r00r00         [24]  768 	lcall	_delay_us
                                    769 ;	src\lcd.c:48: LCD_rs=0;
                                    770 ;	assignBit
      0000CD C2 85            [12]  771 	clr	_P05
                                    772 ;	src\lcd.c:49: }
      0000CF 22               [24]  773 	ret
                                    774 ;------------------------------------------------------------
                                    775 ;Allocation info for local variables in function 'LCD_guilenh'
                                    776 ;------------------------------------------------------------
                                    777 ;lenh                      Allocated to registers r7 
                                    778 ;------------------------------------------------------------
                                    779 ;	src\lcd.c:51: void LCD_guilenh(u8 lenh){
                                    780 ;	-----------------------------------------
                                    781 ;	 function LCD_guilenh
                                    782 ;	-----------------------------------------
      0000D0                        783 _LCD_guilenh:
      0000D0 AF 82            [24]  784 	mov	r7,dpl
                                    785 ;	src\lcd.c:53: LCD_rs=0;
                                    786 ;	assignBit
      0000D2 C2 85            [12]  787 	clr	_P05
                                    788 ;	src\lcd.c:54: LCD_D4=(lenh>>4)&1;
      0000D4 EF               [12]  789 	mov	a,r7
      0000D5 C4               [12]  790 	swap	a
      0000D6 54 01            [12]  791 	anl	a,#0x01
                                    792 ;	assignBit
      0000D8 24 FF            [12]  793 	add	a,#0xff
      0000DA 92 83            [24]  794 	mov	_P03,c
                                    795 ;	src\lcd.c:55: LCD_D5=(lenh>>5)&1;
      0000DC EF               [12]  796 	mov	a,r7
      0000DD A2 E5            [12]  797 	mov	c,acc[5]
      0000DF E4               [12]  798 	clr	a
      0000E0 33               [12]  799 	rlc	a
                                    800 ;	assignBit
      0000E1 24 FF            [12]  801 	add	a,#0xff
      0000E3 92 82            [24]  802 	mov	_P02,c
                                    803 ;	src\lcd.c:56: LCD_D6=(lenh>>6)&1;
      0000E5 EF               [12]  804 	mov	a,r7
      0000E6 23               [12]  805 	rl	a
      0000E7 23               [12]  806 	rl	a
      0000E8 54 01            [12]  807 	anl	a,#0x01
                                    808 ;	assignBit
      0000EA 24 FF            [12]  809 	add	a,#0xff
      0000EC 92 81            [24]  810 	mov	_P01,c
                                    811 ;	src\lcd.c:57: LCD_D7=(lenh>>7)&1;
      0000EE EF               [12]  812 	mov	a,r7
      0000EF 23               [12]  813 	rl	a
      0000F0 54 01            [12]  814 	anl	a,#0x01
                                    815 ;	assignBit
      0000F2 FE               [12]  816 	mov	r6,a
      0000F3 24 FF            [12]  817 	add	a,#0xff
      0000F5 92 80            [24]  818 	mov	_P00,c
                                    819 ;	src\lcd.c:58: LCD_en =1;
                                    820 ;	assignBit
      0000F7 D2 84            [12]  821 	setb	_P04
                                    822 ;	src\lcd.c:59: _nop_();
      0000F9 00               [12]  823 	NOP	
                                    824 ;	src\lcd.c:60: LCD_en=0;
                                    825 ;	assignBit
      0000FA C2 84            [12]  826 	clr	_P04
                                    827 ;	src\lcd.c:61: _nop_();
      0000FC 00               [12]  828 	NOP	
                                    829 ;	src\lcd.c:62: LCD_D4=lenh 	  &1;
      0000FD EF               [12]  830 	mov	a,r7
      0000FE 54 01            [12]  831 	anl	a,#0x01
                                    832 ;	assignBit
      000100 24 FF            [12]  833 	add	a,#0xff
      000102 92 83            [24]  834 	mov	_P03,c
                                    835 ;	src\lcd.c:63: LCD_D5=(lenh>>1)&1;
      000104 EF               [12]  836 	mov	a,r7
      000105 03               [12]  837 	rr	a
      000106 54 01            [12]  838 	anl	a,#0x01
                                    839 ;	assignBit
      000108 24 FF            [12]  840 	add	a,#0xff
      00010A 92 82            [24]  841 	mov	_P02,c
                                    842 ;	src\lcd.c:64: LCD_D6=(lenh>>2)&1;
      00010C EF               [12]  843 	mov	a,r7
      00010D 03               [12]  844 	rr	a
      00010E 03               [12]  845 	rr	a
      00010F 54 01            [12]  846 	anl	a,#0x01
                                    847 ;	assignBit
      000111 FE               [12]  848 	mov	r6,a
      000112 24 FF            [12]  849 	add	a,#0xff
      000114 92 81            [24]  850 	mov	_P01,c
                                    851 ;	src\lcd.c:65: LCD_D7=(lenh>>3)&1;
      000116 EF               [12]  852 	mov	a,r7
      000117 A2 E3            [12]  853 	mov	c,acc[3]
      000119 E4               [12]  854 	clr	a
      00011A 33               [12]  855 	rlc	a
                                    856 ;	assignBit
      00011B FF               [12]  857 	mov	r7,a
      00011C 24 FF            [12]  858 	add	a,#0xff
      00011E 92 80            [24]  859 	mov	_P00,c
                                    860 ;	src\lcd.c:66: LCD_en =1;
                                    861 ;	assignBit
      000120 D2 84            [12]  862 	setb	_P04
                                    863 ;	src\lcd.c:67: _nop_();
      000122 00               [12]  864 	NOP	
                                    865 ;	src\lcd.c:68: LCD_en=0;
                                    866 ;	assignBit
      000123 C2 84            [12]  867 	clr	_P04
                                    868 ;	src\lcd.c:69: delay_us(100);
      000125 90 00 64         [24]  869 	mov	dptr,#0x0064
                                    870 ;	src\lcd.c:70: }
      000128 02r00r00         [24]  871 	ljmp	_delay_us
                                    872 ;------------------------------------------------------------
                                    873 ;Allocation info for local variables in function 'LCD_noblink'
                                    874 ;------------------------------------------------------------
                                    875 ;	src\lcd.c:72: void LCD_noblink(){
                                    876 ;	-----------------------------------------
                                    877 ;	 function LCD_noblink
                                    878 ;	-----------------------------------------
      00012B                        879 _LCD_noblink:
                                    880 ;	src\lcd.c:73: LCD_guilenh(0x0c);
      00012B 75 82 0C         [24]  881 	mov	dpl,#0x0c
                                    882 ;	src\lcd.c:74: }
      00012E 02r00rD0         [24]  883 	ljmp	_LCD_guilenh
                                    884 ;------------------------------------------------------------
                                    885 ;Allocation info for local variables in function 'LCD_xoa'
                                    886 ;------------------------------------------------------------
                                    887 ;hang                      Allocated to registers r7 
                                    888 ;------------------------------------------------------------
                                    889 ;	src\lcd.c:76: void LCD_xoa(u8 hang){
                                    890 ;	-----------------------------------------
                                    891 ;	 function LCD_xoa
                                    892 ;	-----------------------------------------
      000131                        893 _LCD_xoa:
                                    894 ;	src\lcd.c:77: if(hang){
      000131 E5 82            [12]  895 	mov	a,dpl
      000133 FF               [12]  896 	mov	r7,a
      000134 60 0E            [24]  897 	jz	00102$
                                    898 ;	src\lcd.c:78: LCD_guilenh(hang);
      000136 8F 82            [24]  899 	mov	dpl,r7
      000138 12r00rD0         [24]  900 	lcall	_LCD_guilenh
                                    901 ;	src\lcd.c:79: LCD_guichuoi("                ");
      00013B 90r00r00         [24]  902 	mov	dptr,#___str_0
      00013E 75 F0 80         [24]  903 	mov	b,#0x80
      000141 02r01r50         [24]  904 	ljmp	_LCD_guichuoi
      000144                        905 00102$:
                                    906 ;	src\lcd.c:81: LCD_guilenh(0x01);
      000144 75 82 01         [24]  907 	mov	dpl,#0x01
      000147 12r00rD0         [24]  908 	lcall	_LCD_guilenh
                                    909 ;	src\lcd.c:82: delay_us(1600);
      00014A 90 06 40         [24]  910 	mov	dptr,#0x0640
                                    911 ;	src\lcd.c:84: }
      00014D 02r00r00         [24]  912 	ljmp	_delay_us
                                    913 ;------------------------------------------------------------
                                    914 ;Allocation info for local variables in function 'LCD_guichuoi'
                                    915 ;------------------------------------------------------------
                                    916 ;vanban                    Allocated to registers r5 r6 r7 
                                    917 ;i                         Allocated to registers r4 
                                    918 ;------------------------------------------------------------
                                    919 ;	src\lcd.c:93: void LCD_guichuoi(u8 *vanban) __reentrant {
                                    920 ;	-----------------------------------------
                                    921 ;	 function LCD_guichuoi
                                    922 ;	-----------------------------------------
      000150                        923 _LCD_guichuoi:
      000150 AD 82            [24]  924 	mov	r5,dpl
      000152 AE 83            [24]  925 	mov	r6,dph
      000154 AF F0            [24]  926 	mov	r7,b
                                    927 ;	src\lcd.c:95: while (*vanban && i<16)
      000156 7C 00            [12]  928 	mov	r4,#0x00
      000158                        929 00107$:
      000158 8D 82            [24]  930 	mov	dpl,r5
      00015A 8E 83            [24]  931 	mov	dph,r6
      00015C 8F F0            [24]  932 	mov	b,r7
      00015E 12r00r00         [24]  933 	lcall	__gptrget
      000161 FB               [12]  934 	mov	r3,a
      000162 60 55            [24]  935 	jz	00110$
      000164 BC 10 00         [24]  936 	cjne	r4,#0x10,00138$
      000167                        937 00138$:
      000167 50 50            [24]  938 	jnc	00110$
                                    939 ;	src\lcd.c:96: if(*vanban<128 && *vanban>31 && ++i)LCD_guidulieu(*vanban++);
      000169 BB 80 00         [24]  940 	cjne	r3,#0x80,00140$
      00016C                        941 00140$:
      00016C 50 25            [24]  942 	jnc	00102$
      00016E EB               [12]  943 	mov	a,r3
      00016F 24 E0            [12]  944 	add	a,#0xff - 0x1f
      000171 50 20            [24]  945 	jnc	00102$
      000173 0C               [12]  946 	inc	r4
      000174 EC               [12]  947 	mov	a,r4
      000175 60 1C            [24]  948 	jz	00102$
      000177 0D               [12]  949 	inc	r5
      000178 BD 00 01         [24]  950 	cjne	r5,#0x00,00144$
      00017B 0E               [12]  951 	inc	r6
      00017C                        952 00144$:
      00017C 8B 82            [24]  953 	mov	dpl,r3
      00017E C0 07            [24]  954 	push	ar7
      000180 C0 06            [24]  955 	push	ar6
      000182 C0 05            [24]  956 	push	ar5
      000184 C0 04            [24]  957 	push	ar4
      000186 12r00r72         [24]  958 	lcall	_LCD_guidulieu
      000189 D0 04            [24]  959 	pop	ar4
      00018B D0 05            [24]  960 	pop	ar5
      00018D D0 06            [24]  961 	pop	ar6
      00018F D0 07            [24]  962 	pop	ar7
      000191 80 C5            [24]  963 	sjmp	00107$
      000193                        964 00102$:
                                    965 ;	src\lcd.c:97: else LCD_guilenh(*vanban++);
      000193 8D 82            [24]  966 	mov	dpl,r5
      000195 8E 83            [24]  967 	mov	dph,r6
      000197 8F F0            [24]  968 	mov	b,r7
      000199 12r00r00         [24]  969 	lcall	__gptrget
      00019C FB               [12]  970 	mov	r3,a
      00019D A3               [24]  971 	inc	dptr
      00019E AD 82            [24]  972 	mov	r5,dpl
      0001A0 AE 83            [24]  973 	mov	r6,dph
      0001A2 8B 82            [24]  974 	mov	dpl,r3
      0001A4 C0 07            [24]  975 	push	ar7
      0001A6 C0 06            [24]  976 	push	ar6
      0001A8 C0 05            [24]  977 	push	ar5
      0001AA C0 04            [24]  978 	push	ar4
      0001AC 12r00rD0         [24]  979 	lcall	_LCD_guilenh
      0001AF D0 04            [24]  980 	pop	ar4
      0001B1 D0 05            [24]  981 	pop	ar5
      0001B3 D0 06            [24]  982 	pop	ar6
      0001B5 D0 07            [24]  983 	pop	ar7
      0001B7 80 9F            [24]  984 	sjmp	00107$
      0001B9                        985 00110$:
                                    986 ;	src\lcd.c:98: }
      0001B9 22               [24]  987 	ret
                                    988 ;------------------------------------------------------------
                                    989 ;Allocation info for local variables in function 'LCD_Init'
                                    990 ;------------------------------------------------------------
                                    991 ;	src\lcd.c:100: void LCD_Init(){
                                    992 ;	-----------------------------------------
                                    993 ;	 function LCD_Init
                                    994 ;	-----------------------------------------
      0001BA                        995 _LCD_Init:
                                    996 ;	src\lcd.c:101: lcd_pw = 0;delay_us(15000);
                                    997 ;	assignBit
      0001BA C2 86            [12]  998 	clr	_P06
      0001BC 90 3A 98         [24]  999 	mov	dptr,#0x3a98
      0001BF 12r00r00         [24] 1000 	lcall	_delay_us
                                   1001 ;	src\lcd.c:102: P0=0x1c;_nop_();
      0001C2 75 80 1C         [24] 1002 	mov	_P0,#0x1c
      0001C5 00               [12] 1003 	NOP	
                                   1004 ;	src\lcd.c:103: LCD_en=0;delay_us(4000);
                                   1005 ;	assignBit
      0001C6 C2 84            [12] 1006 	clr	_P04
      0001C8 90 0F A0         [24] 1007 	mov	dptr,#0x0fa0
      0001CB 12r00r00         [24] 1008 	lcall	_delay_us
                                   1009 ;	src\lcd.c:104: LCD_en=1;_nop_();
                                   1010 ;	assignBit
      0001CE D2 84            [12] 1011 	setb	_P04
      0001D0 00               [12] 1012 	NOP	
                                   1013 ;	src\lcd.c:105: LCD_en=0;delay_us(160);
                                   1014 ;	assignBit
      0001D1 C2 84            [12] 1015 	clr	_P04
      0001D3 90 00 A0         [24] 1016 	mov	dptr,#0x00a0
      0001D6 12r00r00         [24] 1017 	lcall	_delay_us
                                   1018 ;	src\lcd.c:106: LCD_en=1;_nop_();
                                   1019 ;	assignBit
      0001D9 D2 84            [12] 1020 	setb	_P04
      0001DB 00               [12] 1021 	NOP	
                                   1022 ;	src\lcd.c:107: LCD_en=0;delay_us(160);
                                   1023 ;	assignBit
      0001DC C2 84            [12] 1024 	clr	_P04
      0001DE 90 00 A0         [24] 1025 	mov	dptr,#0x00a0
      0001E1 12r00r00         [24] 1026 	lcall	_delay_us
                                   1027 ;	src\lcd.c:108: P0=0x14;_nop_();
      0001E4 75 80 14         [24] 1028 	mov	_P0,#0x14
      0001E7 00               [12] 1029 	NOP	
                                   1030 ;	src\lcd.c:109: LCD_en=0;delay_us(1000);
                                   1031 ;	assignBit
      0001E8 C2 84            [12] 1032 	clr	_P04
      0001EA 90 03 E8         [24] 1033 	mov	dptr,#0x03e8
      0001ED 12r00r00         [24] 1034 	lcall	_delay_us
                                   1035 ;	src\lcd.c:110: LCD_en=1;_nop_();
                                   1036 ;	assignBit
      0001F0 D2 84            [12] 1037 	setb	_P04
      0001F2 00               [12] 1038 	NOP	
                                   1039 ;	src\lcd.c:111: LCD_en=0;_nop_();
                                   1040 ;	assignBit
      0001F3 C2 84            [12] 1041 	clr	_P04
      0001F5 00               [12] 1042 	NOP	
                                   1043 ;	src\lcd.c:112: P0=0x11;_nop_();
      0001F6 75 80 11         [24] 1044 	mov	_P0,#0x11
      0001F9 00               [12] 1045 	NOP	
                                   1046 ;	src\lcd.c:113: LCD_en=0;delay_us(40);
                                   1047 ;	assignBit
      0001FA C2 84            [12] 1048 	clr	_P04
      0001FC 90 00 28         [24] 1049 	mov	dptr,#0x0028
      0001FF 12r00r00         [24] 1050 	lcall	_delay_us
                                   1051 ;	src\lcd.c:114: P0=0x10;_nop_();
      000202 75 80 10         [24] 1052 	mov	_P0,#0x10
      000205 00               [12] 1053 	NOP	
                                   1054 ;	src\lcd.c:115: LCD_en=0;_nop_();
                                   1055 ;	assignBit
      000206 C2 84            [12] 1056 	clr	_P04
      000208 00               [12] 1057 	NOP	
                                   1058 ;	src\lcd.c:116: P0=0x13;_nop_();
      000209 75 80 13         [24] 1059 	mov	_P0,#0x13
      00020C 00               [12] 1060 	NOP	
                                   1061 ;	src\lcd.c:117: LCD_en=0;delay_us(40);
                                   1062 ;	assignBit
      00020D C2 84            [12] 1063 	clr	_P04
      00020F 90 00 28         [24] 1064 	mov	dptr,#0x0028
      000212 12r00r00         [24] 1065 	lcall	_delay_us
                                   1066 ;	src\lcd.c:118: P0=0x10;_nop_();
      000215 75 80 10         [24] 1067 	mov	_P0,#0x10
      000218 00               [12] 1068 	NOP	
                                   1069 ;	src\lcd.c:119: LCD_en=0;_nop_();
                                   1070 ;	assignBit
      000219 C2 84            [12] 1071 	clr	_P04
      00021B 00               [12] 1072 	NOP	
                                   1073 ;	src\lcd.c:120: P0=0x16;_nop_();
      00021C 75 80 16         [24] 1074 	mov	_P0,#0x16
      00021F 00               [12] 1075 	NOP	
                                   1076 ;	src\lcd.c:121: LCD_en=0;delay_us(40);
                                   1077 ;	assignBit
      000220 C2 84            [12] 1078 	clr	_P04
      000222 90 00 28         [24] 1079 	mov	dptr,#0x0028
      000225 12r00r00         [24] 1080 	lcall	_delay_us
                                   1081 ;	src\lcd.c:122: P0=0x10;_nop_();
      000228 75 80 10         [24] 1082 	mov	_P0,#0x10
      00022B 00               [12] 1083 	NOP	
                                   1084 ;	src\lcd.c:123: LCD_en=0;_nop_();
                                   1085 ;	assignBit
      00022C C2 84            [12] 1086 	clr	_P04
      00022E 00               [12] 1087 	NOP	
                                   1088 ;	src\lcd.c:124: P0=0x18;_nop_();
      00022F 75 80 18         [24] 1089 	mov	_P0,#0x18
      000232 00               [12] 1090 	NOP	
                                   1091 ;	src\lcd.c:125: LCD_en=0;delay_us(1000);
                                   1092 ;	assignBit
      000233 C2 84            [12] 1093 	clr	_P04
      000235 90 03 E8         [24] 1094 	mov	dptr,#0x03e8
                                   1095 ;	src\lcd.c:127: }
      000238 02r00r00         [24] 1096 	ljmp	_delay_us
                                   1097 ;------------------------------------------------------------
                                   1098 ;Allocation info for local variables in function 'LCD_guigio'
                                   1099 ;------------------------------------------------------------
                                   1100 ;chuoi                     Allocated with name '_LCD_guigio_PARM_2'
                                   1101 ;gio                       Allocated with name '_LCD_guigio_PARM_3'
                                   1102 ;phut                      Allocated with name '_LCD_guigio_PARM_4'
                                   1103 ;giay                      Allocated with name '_LCD_guigio_PARM_5'
                                   1104 ;vitri                     Allocated to registers r7 
                                   1105 ;------------------------------------------------------------
                                   1106 ;	src\lcd.c:129: void LCD_guigio(u8 vitri, u8 *chuoi, u8 gio, u8 phut, u8 giay,__bit haicham){
                                   1107 ;	-----------------------------------------
                                   1108 ;	 function LCD_guigio
                                   1109 ;	-----------------------------------------
      00023B                       1110 _LCD_guigio:
      00023B AF 82            [24] 1111 	mov	r7,dpl
                                   1112 ;	src\lcd.c:131: if(giay>250){
      00023D E5*09            [12] 1113 	mov	a,_LCD_guigio_PARM_5
      00023F 24 05            [12] 1114 	add	a,#0xff - 0xfa
      000241 40 03            [24] 1115 	jc	00158$
      000243 02r02rF0         [24] 1116 	ljmp	00108$
      000246                       1117 00158$:
                                   1118 ;	src\lcd.c:132: LCD_guilenh(vitri);
      000246 8F 82            [24] 1119 	mov	dpl,r7
      000248 12r00rD0         [24] 1120 	lcall	_LCD_guilenh
                                   1121 ;	src\lcd.c:133: LCD_guichuoi(chuoi);
      00024B 85*04 82         [24] 1122 	mov	dpl,_LCD_guigio_PARM_2
      00024E 85*05 83         [24] 1123 	mov	dph,(_LCD_guigio_PARM_2 + 1)
      000251 85*06 F0         [24] 1124 	mov	b,(_LCD_guigio_PARM_2 + 2)
      000254 12r01r50         [24] 1125 	lcall	_LCD_guichuoi
                                   1126 ;	src\lcd.c:134: LCD_guidulieu(gio<10?' ':(gio/10+'0'));
      000257 74 F6            [12] 1127 	mov	a,#0x100 - 0x0a
      000259 25*07            [12] 1128 	add	a,_LCD_guigio_PARM_3
      00025B 40 06            [24] 1129 	jc	00112$
      00025D 7D 20            [12] 1130 	mov	r5,#0x20
      00025F 7E 00            [12] 1131 	mov	r6,#0x00
      000261 80 1D            [24] 1132 	sjmp	00113$
      000263                       1133 00112$:
      000263 AB*07            [24] 1134 	mov	r3,_LCD_guigio_PARM_3
      000265 7C 00            [12] 1135 	mov	r4,#0x00
      000267 75*00 0A         [24] 1136 	mov	__divsint_PARM_2,#0x0a
                                   1137 ;	1-genFromRTrack replaced	mov	(__divsint_PARM_2 + 1),#0x00
      00026A 8C*01            [24] 1138 	mov	(__divsint_PARM_2 + 1),r4
      00026C 8B 82            [24] 1139 	mov	dpl,r3
      00026E 8C 83            [24] 1140 	mov	dph,r4
      000270 12r00r00         [24] 1141 	lcall	__divsint
      000273 AB 82            [24] 1142 	mov	r3,dpl
      000275 AC 83            [24] 1143 	mov	r4,dph
      000277 74 30            [12] 1144 	mov	a,#0x30
      000279 2B               [12] 1145 	add	a,r3
      00027A FB               [12] 1146 	mov	r3,a
      00027B FD               [12] 1147 	mov	r5,a
      00027C 33               [12] 1148 	rlc	a
      00027D 95 E0            [12] 1149 	subb	a,acc
      00027F FE               [12] 1150 	mov	r6,a
      000280                       1151 00113$:
      000280 8D 82            [24] 1152 	mov	dpl,r5
      000282 12r00r72         [24] 1153 	lcall	_LCD_guidulieu
                                   1154 ;	src\lcd.c:135: LCD_guidulieu(gio%10+'0');
      000285 AD*07            [24] 1155 	mov	r5,_LCD_guigio_PARM_3
      000287 7E 00            [12] 1156 	mov	r6,#0x00
      000289 75*00 0A         [24] 1157 	mov	__modsint_PARM_2,#0x0a
                                   1158 ;	1-genFromRTrack replaced	mov	(__modsint_PARM_2 + 1),#0x00
      00028C 8E*01            [24] 1159 	mov	(__modsint_PARM_2 + 1),r6
      00028E 8D 82            [24] 1160 	mov	dpl,r5
      000290 8E 83            [24] 1161 	mov	dph,r6
      000292 12r00r00         [24] 1162 	lcall	__modsint
      000295 AD 82            [24] 1163 	mov	r5,dpl
      000297 74 30            [12] 1164 	mov	a,#0x30
      000299 2D               [12] 1165 	add	a,r5
      00029A F5 82            [12] 1166 	mov	dpl,a
      00029C 12r00r72         [24] 1167 	lcall	_LCD_guidulieu
                                   1168 ;	src\lcd.c:136: if(giay>252) LCD_guidulieu(haicham?':':' ');
      00029F E5*09            [12] 1169 	mov	a,_LCD_guigio_PARM_5
      0002A1 24 03            [12] 1170 	add	a,#0xff - 0xfc
      0002A3 50 12            [24] 1171 	jnc	00102$
      0002A5 30*00 06         [24] 1172 	jnb	_LCD_guigio_PARM_6,00114$
      0002A8 7D 3A            [12] 1173 	mov	r5,#0x3a
      0002AA 7E 00            [12] 1174 	mov	r6,#0x00
      0002AC 80 04            [24] 1175 	sjmp	00115$
      0002AE                       1176 00114$:
      0002AE 7D 20            [12] 1177 	mov	r5,#0x20
      0002B0 7E 00            [12] 1178 	mov	r6,#0x00
      0002B2                       1179 00115$:
      0002B2 8D 82            [24] 1180 	mov	dpl,r5
      0002B4 12r00r72         [24] 1181 	lcall	_LCD_guidulieu
      0002B7                       1182 00102$:
                                   1183 ;	src\lcd.c:137: LCD_guidulieu(phut/10+'0');
      0002B7 AD*08            [24] 1184 	mov	r5,_LCD_guigio_PARM_4
      0002B9 7E 00            [12] 1185 	mov	r6,#0x00
      0002BB 75*00 0A         [24] 1186 	mov	__divsint_PARM_2,#0x0a
                                   1187 ;	1-genFromRTrack replaced	mov	(__divsint_PARM_2 + 1),#0x00
      0002BE 8E*01            [24] 1188 	mov	(__divsint_PARM_2 + 1),r6
      0002C0 8D 82            [24] 1189 	mov	dpl,r5
      0002C2 8E 83            [24] 1190 	mov	dph,r6
      0002C4 C0 06            [24] 1191 	push	ar6
      0002C6 C0 05            [24] 1192 	push	ar5
      0002C8 12r00r00         [24] 1193 	lcall	__divsint
      0002CB AB 82            [24] 1194 	mov	r3,dpl
      0002CD 74 30            [12] 1195 	mov	a,#0x30
      0002CF 2B               [12] 1196 	add	a,r3
      0002D0 F5 82            [12] 1197 	mov	dpl,a
      0002D2 12r00r72         [24] 1198 	lcall	_LCD_guidulieu
      0002D5 D0 05            [24] 1199 	pop	ar5
      0002D7 D0 06            [24] 1200 	pop	ar6
                                   1201 ;	src\lcd.c:138: LCD_guidulieu(phut%10+'0');
      0002D9 75*00 0A         [24] 1202 	mov	__modsint_PARM_2,#0x0a
      0002DC 75*01 00         [24] 1203 	mov	(__modsint_PARM_2 + 1),#0x00
      0002DF 8D 82            [24] 1204 	mov	dpl,r5
      0002E1 8E 83            [24] 1205 	mov	dph,r6
      0002E3 12r00r00         [24] 1206 	lcall	__modsint
      0002E6 AD 82            [24] 1207 	mov	r5,dpl
      0002E8 74 30            [12] 1208 	mov	a,#0x30
      0002EA 2D               [12] 1209 	add	a,r5
      0002EB F5 82            [12] 1210 	mov	dpl,a
      0002ED 02r00r72         [24] 1211 	ljmp	_LCD_guidulieu
      0002F0                       1212 00108$:
                                   1213 ;	src\lcd.c:140: LCD_guilenh(vitri);
      0002F0 8F 82            [24] 1214 	mov	dpl,r7
      0002F2 12r00rD0         [24] 1215 	lcall	_LCD_guilenh
                                   1216 ;	src\lcd.c:141: LCD_guichuoi(chuoi);
      0002F5 85*04 82         [24] 1217 	mov	dpl,_LCD_guigio_PARM_2
      0002F8 85*05 83         [24] 1218 	mov	dph,(_LCD_guigio_PARM_2 + 1)
      0002FB 85*06 F0         [24] 1219 	mov	b,(_LCD_guigio_PARM_2 + 2)
      0002FE 12r01r50         [24] 1220 	lcall	_LCD_guichuoi
                                   1221 ;	src\lcd.c:142: LCD_guidulieu(gio<10?' ':(gio/10+'0'));
      000301 74 F6            [12] 1222 	mov	a,#0x100 - 0x0a
      000303 25*07            [12] 1223 	add	a,_LCD_guigio_PARM_3
      000305 40 06            [24] 1224 	jc	00116$
      000307 7E 20            [12] 1225 	mov	r6,#0x20
      000309 7F 00            [12] 1226 	mov	r7,#0x00
      00030B 80 1D            [24] 1227 	sjmp	00117$
      00030D                       1228 00116$:
      00030D AC*07            [24] 1229 	mov	r4,_LCD_guigio_PARM_3
      00030F 7D 00            [12] 1230 	mov	r5,#0x00
      000311 75*00 0A         [24] 1231 	mov	__divsint_PARM_2,#0x0a
                                   1232 ;	1-genFromRTrack replaced	mov	(__divsint_PARM_2 + 1),#0x00
      000314 8D*01            [24] 1233 	mov	(__divsint_PARM_2 + 1),r5
      000316 8C 82            [24] 1234 	mov	dpl,r4
      000318 8D 83            [24] 1235 	mov	dph,r5
      00031A 12r00r00         [24] 1236 	lcall	__divsint
      00031D AC 82            [24] 1237 	mov	r4,dpl
      00031F AD 83            [24] 1238 	mov	r5,dph
      000321 74 30            [12] 1239 	mov	a,#0x30
      000323 2C               [12] 1240 	add	a,r4
      000324 FC               [12] 1241 	mov	r4,a
      000325 FE               [12] 1242 	mov	r6,a
      000326 33               [12] 1243 	rlc	a
      000327 95 E0            [12] 1244 	subb	a,acc
      000329 FF               [12] 1245 	mov	r7,a
      00032A                       1246 00117$:
      00032A 8E 82            [24] 1247 	mov	dpl,r6
      00032C 12r00r72         [24] 1248 	lcall	_LCD_guidulieu
                                   1249 ;	src\lcd.c:143: LCD_guidulieu(gio%10+'0');
      00032F AE*07            [24] 1250 	mov	r6,_LCD_guigio_PARM_3
      000331 7F 00            [12] 1251 	mov	r7,#0x00
      000333 75*00 0A         [24] 1252 	mov	__modsint_PARM_2,#0x0a
                                   1253 ;	1-genFromRTrack replaced	mov	(__modsint_PARM_2 + 1),#0x00
      000336 8F*01            [24] 1254 	mov	(__modsint_PARM_2 + 1),r7
      000338 8E 82            [24] 1255 	mov	dpl,r6
      00033A 8F 83            [24] 1256 	mov	dph,r7
      00033C 12r00r00         [24] 1257 	lcall	__modsint
      00033F AE 82            [24] 1258 	mov	r6,dpl
      000341 74 30            [12] 1259 	mov	a,#0x30
      000343 2E               [12] 1260 	add	a,r6
      000344 F5 82            [12] 1261 	mov	dpl,a
      000346 12r00r72         [24] 1262 	lcall	_LCD_guidulieu
                                   1263 ;	src\lcd.c:144: if(giay<100)LCD_guidulieu(haicham?':':' ');
      000349 C3               [12] 1264 	clr	c
      00034A E5*09            [12] 1265 	mov	a,_LCD_guigio_PARM_5
      00034C 94 64            [12] 1266 	subb	a,#0x64
      00034E E4               [12] 1267 	clr	a
      00034F 33               [12] 1268 	rlc	a
      000350 FF               [12] 1269 	mov	r7,a
      000351 60 16            [24] 1270 	jz	00104$
      000353 30*00 06         [24] 1271 	jnb	_LCD_guigio_PARM_6,00118$
      000356 7D 3A            [12] 1272 	mov	r5,#0x3a
      000358 7E 00            [12] 1273 	mov	r6,#0x00
      00035A 80 04            [24] 1274 	sjmp	00119$
      00035C                       1275 00118$:
      00035C 7D 20            [12] 1276 	mov	r5,#0x20
      00035E 7E 00            [12] 1277 	mov	r6,#0x00
      000360                       1278 00119$:
      000360 8D 82            [24] 1279 	mov	dpl,r5
      000362 C0 07            [24] 1280 	push	ar7
      000364 12r00r72         [24] 1281 	lcall	_LCD_guidulieu
      000367 D0 07            [24] 1282 	pop	ar7
      000369                       1283 00104$:
                                   1284 ;	src\lcd.c:145: LCD_guidulieu(phut/10+'0');
      000369 AD*08            [24] 1285 	mov	r5,_LCD_guigio_PARM_4
      00036B 7E 00            [12] 1286 	mov	r6,#0x00
      00036D 75*00 0A         [24] 1287 	mov	__divsint_PARM_2,#0x0a
                                   1288 ;	1-genFromRTrack replaced	mov	(__divsint_PARM_2 + 1),#0x00
      000370 8E*01            [24] 1289 	mov	(__divsint_PARM_2 + 1),r6
      000372 8D 82            [24] 1290 	mov	dpl,r5
      000374 8E 83            [24] 1291 	mov	dph,r6
      000376 C0 07            [24] 1292 	push	ar7
      000378 C0 06            [24] 1293 	push	ar6
      00037A C0 05            [24] 1294 	push	ar5
      00037C 12r00r00         [24] 1295 	lcall	__divsint
      00037F AB 82            [24] 1296 	mov	r3,dpl
      000381 74 30            [12] 1297 	mov	a,#0x30
      000383 2B               [12] 1298 	add	a,r3
      000384 F5 82            [12] 1299 	mov	dpl,a
      000386 12r00r72         [24] 1300 	lcall	_LCD_guidulieu
      000389 D0 05            [24] 1301 	pop	ar5
      00038B D0 06            [24] 1302 	pop	ar6
                                   1303 ;	src\lcd.c:146: LCD_guidulieu(phut%10+'0');
      00038D 75*00 0A         [24] 1304 	mov	__modsint_PARM_2,#0x0a
      000390 75*01 00         [24] 1305 	mov	(__modsint_PARM_2 + 1),#0x00
      000393 8D 82            [24] 1306 	mov	dpl,r5
      000395 8E 83            [24] 1307 	mov	dph,r6
      000397 12r00r00         [24] 1308 	lcall	__modsint
      00039A AD 82            [24] 1309 	mov	r5,dpl
      00039C 74 30            [12] 1310 	mov	a,#0x30
      00039E 2D               [12] 1311 	add	a,r5
      00039F F5 82            [12] 1312 	mov	dpl,a
      0003A1 12r00r72         [24] 1313 	lcall	_LCD_guidulieu
      0003A4 D0 07            [24] 1314 	pop	ar7
                                   1315 ;	src\lcd.c:147: if(giay<100)LCD_guidulieu(haicham?':':' ');
      0003A6 EF               [12] 1316 	mov	a,r7
      0003A7 60 12            [24] 1317 	jz	00106$
      0003A9 30*00 06         [24] 1318 	jnb	_LCD_guigio_PARM_6,00120$
      0003AC 7E 3A            [12] 1319 	mov	r6,#0x3a
      0003AE 7F 00            [12] 1320 	mov	r7,#0x00
      0003B0 80 04            [24] 1321 	sjmp	00121$
      0003B2                       1322 00120$:
      0003B2 7E 20            [12] 1323 	mov	r6,#0x20
      0003B4 7F 00            [12] 1324 	mov	r7,#0x00
      0003B6                       1325 00121$:
      0003B6 8E 82            [24] 1326 	mov	dpl,r6
      0003B8 12r00r72         [24] 1327 	lcall	_LCD_guidulieu
      0003BB                       1328 00106$:
                                   1329 ;	src\lcd.c:148: LCD_guidulieu((giay%100)/10+'0');
      0003BB AE*09            [24] 1330 	mov	r6,_LCD_guigio_PARM_5
      0003BD 7F 00            [12] 1331 	mov	r7,#0x00
      0003BF 75*00 64         [24] 1332 	mov	__modsint_PARM_2,#0x64
                                   1333 ;	1-genFromRTrack replaced	mov	(__modsint_PARM_2 + 1),#0x00
      0003C2 8F*01            [24] 1334 	mov	(__modsint_PARM_2 + 1),r7
      0003C4 8E 82            [24] 1335 	mov	dpl,r6
      0003C6 8F 83            [24] 1336 	mov	dph,r7
      0003C8 C0 07            [24] 1337 	push	ar7
      0003CA C0 06            [24] 1338 	push	ar6
      0003CC 12r00r00         [24] 1339 	lcall	__modsint
      0003CF 75*00 0A         [24] 1340 	mov	__divsint_PARM_2,#0x0a
      0003D2 75*01 00         [24] 1341 	mov	(__divsint_PARM_2 + 1),#0x00
      0003D5 12r00r00         [24] 1342 	lcall	__divsint
      0003D8 AC 82            [24] 1343 	mov	r4,dpl
      0003DA 74 30            [12] 1344 	mov	a,#0x30
      0003DC 2C               [12] 1345 	add	a,r4
      0003DD F5 82            [12] 1346 	mov	dpl,a
      0003DF 12r00r72         [24] 1347 	lcall	_LCD_guidulieu
      0003E2 D0 06            [24] 1348 	pop	ar6
      0003E4 D0 07            [24] 1349 	pop	ar7
                                   1350 ;	src\lcd.c:149: LCD_guidulieu(giay%10+'0');
      0003E6 75*00 0A         [24] 1351 	mov	__modsint_PARM_2,#0x0a
      0003E9 75*01 00         [24] 1352 	mov	(__modsint_PARM_2 + 1),#0x00
      0003EC 8E 82            [24] 1353 	mov	dpl,r6
      0003EE 8F 83            [24] 1354 	mov	dph,r7
      0003F0 12r00r00         [24] 1355 	lcall	__modsint
      0003F3 AE 82            [24] 1356 	mov	r6,dpl
      0003F5 74 30            [12] 1357 	mov	a,#0x30
      0003F7 2E               [12] 1358 	add	a,r6
      0003F8 F5 82            [12] 1359 	mov	dpl,a
      0003FA 12r00r72         [24] 1360 	lcall	_LCD_guidulieu
                                   1361 ;	src\lcd.c:150: LCD_guidulieu(' ');
      0003FD 75 82 20         [24] 1362 	mov	dpl,#0x20
                                   1363 ;	src\lcd.c:164: }
      000400 02r00r72         [24] 1364 	ljmp	_LCD_guidulieu
                                   1365 	.area CSEG    (CODE)
                                   1366 	.area CONST   (CODE)
                                   1367 	.area CONST   (CODE)
      000000                       1368 ___str_0:
      000000 20 20 20 20 20 20 20  1369 	.ascii "                "
             20 20 20 20 20 20 20
             20 20
      000010 00                    1370 	.db 0x00
                                   1371 	.area CSEG    (CODE)
                                   1372 	.area XINIT   (CODE)
                                   1373 	.area CABS    (ABS,CODE)
